[WARN] The "pnpm" field in package.json is no longer read by pnpm. The following keys were ignored: "pnpm.onlyBuiltDependencies", "pnpm.overrides". See https://pnpm.io/settings for the new home of each setting.

> oxbit@0.1.0 test /Users/ryanyannelli/Development/oxbit
> vitest run


 RUN  v3.2.7 /Users/ryanyannelli/Development/oxbit

 ✓ apps/runtime/tests/runtime.test.ts (9 tests) 1563ms
   ✓ authenticated runtime with real services > makes a real commit and deduplicates non-idempotent requests  316ms
   ✓ authenticated runtime with real services > uses a real TypeScript server for completion, diagnostics, navigation, rename and code actions  921ms
 ✓ apps/runtime/tests/git-remote.test.ts (3 tests) 1728ms
   ✓ local Git remotes and recovery > clones, pushes and fetches against a real local bare remote  761ms
   ✓ local Git remotes and recovery > preserves a successful clone when simultaneous destination reservation fails  371ms
   ✓ local Git remotes and recovery > cleans failed or cancelled clones and preserves disk changes on checkout refusal  595ms
 ✓ apps/runtime/tests/lsp-edits.test.ts (1 test) 438ms
   ✓ server-initiated language workspace edits > waits for the initiating document client and propagates rejected edits  437ms
 ✓ packages/themes/src/index.test.ts (27 tests) 421ms
   ✓ theme contract > keeps generated schema, types and standalone validator reproducible  336ms
 ✓ packages/features/formatters/src/index.test.ts (2 tests) 245ms
 ✓ packages/workbench/src/controller.test.ts (14 tests) 391ms
 ✓ apps/runtime/tests/terminal-shell.test.ts (14 tests) 231ms
 ✓ packages/features/language/src/providers.test.ts (8 tests) 241ms
 ✓ packages/icon-themes/src/import.test.ts (31 tests) 186ms
 ✓ packages/icon-themes/src/store.test.ts (12 tests) 201ms
 ✓ apps/runtime/tests/streaming.test.ts (3 tests) 122ms
 ✓ packages/core/src/lifecycle.test.ts (10 tests) 121ms
 ✓ apps/runtime/tests/lsp-manager.test.ts (6 tests) 26ms
 ✓ packages/features/language/src/symbols.test.ts (4 tests) 75ms
 ✓ packages/features/search/src/service.test.ts (4 tests) 62ms
 ✓ apps/web/src/configuration.test.ts (6 tests) 58ms
 ✓ apps/runtime/tests/extensions.test.ts (3 tests) 16ms
 ✓ packages/features/terminal/src/terminal.test.ts (1 test) 58ms
 ✓ packages/documents/src/index.test.ts (12 tests) 36ms
 ✓ apps/runtime/tests/cli.test.ts (18 tests) 42ms
 ✓ packages/core/src/index.test.ts (12 tests) 29ms
 ✓ packages/features/themes/src/index.test.ts (20 tests) 30ms
 ✓ packages/features/language/src/index.test.ts (8 tests) 22ms
 ✓ packages/features/editor/src/syntax.test.ts (13 tests) 17ms
 ✓ packages/host-runtime/src/index.test.ts (5 tests) 16ms
 ✓ packages/host-browser/src/index.test.ts (4 tests) 12ms
 ✓ packages/workbench/src/contributions.test.ts (3 tests) 14ms
 ✓ packages/workbench/src/shortcuts.test.ts (3 tests) 10ms
 ✓ packages/features/themes/src/behavior.test.ts (4 tests) 12ms
 ✓ packages/protocol/src/index.test.ts (2 tests) 8ms
 ✓ packages/features/collaboration/src/collaboration.test.ts (2 tests) 10ms
 ✓ packages/features/language/src/hover.test.ts (3 tests) 8ms
 ✓ packages/sdk/src/languages.test.ts (50 tests) 6ms
 ✓ packages/features/language/src/local.test.ts (6 tests) 5ms
 ✓ packages/host-browser/src/directory.test.ts (5 tests) 6ms
 ✓ packages/ui/src/product-icons.test.ts (4 tests) 6ms
 ✓ packages/features/editor/src/decorations.test.ts (2 tests) 4ms
 ✓ packages/workbench/src/files.test.ts (3 tests) 3ms
 ✓ packages/features/editor/src/view-state.test.ts (3 tests) 3ms
 ✓ packages/features/editor/src/languages.test.ts (1 test) 2ms
 ✓ packages/features/settings/src/scopes.test.ts (3 tests) 3ms
 ✓ packages/features/previews/src/policy.test.ts (3 tests) 3ms
 ✓ apps/runtime/tests/branding.test.ts (2 tests) 3ms
 ✓ packages/features/search/src/engine.test.ts (2 tests) 2ms
 ✓ packages/features/git/src/git.test.ts (2 tests) 2ms
 ✓ packages/icon-themes/src/resolver.test.ts (10 tests) 2ms
 ✓ packages/host-desktop/src/settings.test.ts (2 tests) 2ms
 ✓ packages/features/tasks/src/tasks.test.ts (2 tests) 1ms

 Test Files  48 passed (48)
      Tests  367 passed (367)
   Start at  05:15:43
   Duration  8.04s (transform 694ms, setup 0ms, collect 2.81s, tests 6.50s, environment 4ms, prepare 1.66s)

