[WARN] The "pnpm" field in package.json is no longer read by pnpm. The following keys were ignored: "pnpm.onlyBuiltDependencies", "pnpm.overrides". See https://pnpm.io/settings for the new home of each setting.

> oxbit@0.1.0 desktop:check /Users/ryanyannelli/Development/oxbit
> node scripts/desktop/run.mjs check


> @oxbit/desktop@0.1.0 build /Users/ryanyannelli/Development/oxbit/apps/desktop
> vite build

vite v7.3.6 building client environment for production...
transforming...
✓ 446 modules transformed.
rendering chunks...
computing gzip size...
dist/index.html                              0.50 kB │ gzip:     0.31 kB
dist/assets/worker-CsXkqX-T.js               1.19 kB
dist/assets/format.worker-Bb1B2kHz.js        6.16 kB
dist/assets/typescript-HXNn4lJN.js       3,588.95 kB
dist/assets/index-DZsZzD6j.css              80.21 kB │ gzip:    14.46 kB
dist/assets/addon-image-BxricI7a.js         80.41 kB │ gzip:    25.12 kB
dist/assets/standalone-Cayz_KD-.js          81.46 kB │ gzip:    27.13 kB
dist/assets/postcss-BGfBeQpW.js            156.74 kB │ gzip:    44.90 kB
dist/assets/html-DwgzGnwN.js               160.11 kB │ gzip:    50.60 kB
dist/assets/addon-ligatures-BOzI2Oy0.js    172.54 kB │ gzip:    51.34 kB
dist/assets/estree-DFfjoHvx.js             211.14 kB │ gzip:    61.75 kB
dist/assets/addon-webgl-PbQqCq-D.js        251.80 kB │ gzip:    68.66 kB
dist/assets/markdown-Bd15IfY5.js           268.44 kB │ gzip:    91.74 kB
dist/assets/babel-BktJt1uC.js              318.08 kB │ gzip:    82.85 kB
dist/assets/typescript-cMir0TZb.js         462.30 kB │ gzip:   126.44 kB
dist/assets/index-Wn-NZfan.js            2,758.40 kB │ gzip:   777.47 kB
dist/assets/typescript-BKWT0o30.js       3,588.37 kB │ gzip: 1,028.07 kB

(!) Some chunks are larger than 1800 kB after minification. Consider:
- Using dynamic import() to code-split the application
- Use build.rollupOptions.output.manualChunks to improve chunking: https://rollupjs.org/configuration-options/#output-manualchunks
- Adjust chunk size limit for this warning via build.chunkSizeWarningLimit.
✓ built in 17.91s
   Compiling oxbit-desktop v0.1.0 (/Users/ryanyannelli/Development/oxbit/apps/desktop/src-tauri)
    Finished `dev` profile [unoptimized + debuginfo] target(s) in 5.30s
   Compiling oxbit-desktop v0.1.0 (/Users/ryanyannelli/Development/oxbit/apps/desktop/src-tauri)
    Finished `test` profile [unoptimized + debuginfo] target(s) in 7.19s
     Running unittests src/main.rs (target/debug/deps/oxbit_desktop-f785488224eab7b2)

running 9 tests
test model::tests::duplicate_focus_and_transfer_have_one_owner ... ok
test model::tests::independent_settings_changes_merge ... ok
test environment::tests::skips_relative_search_directories ... ok
test model::tests::canonical_aliases_share_identity_and_missing_projects_restore ... ok
test environment::tests::bounds_output_and_time ... ok
test supervisor::tests::valid_ready_and_graceful_shutdown_keep_credentials_private ... ok
test icon_packs::tests::revisions_are_atomic_and_shared_across_projects ... ok
test supervisor::tests::abrupt_exit_reports_failure_once_and_cleans_inherited_children ... ok
test supervisor::tests::wrong_identity_malformed_frames_and_timeout_reap_child ... ok

test result: ok. 9 passed; 0 failed; 0 ignored; 0 measured; 0 filtered out; finished in 0.31s

