[WARN] The "pnpm" field in package.json is no longer read by pnpm. The following keys were ignored: "pnpm.onlyBuiltDependencies", "pnpm.overrides". See https://pnpm.io/settings for the new home of each setting.
vite v7.3.6 building client environment for production...
transforming...
✓ 446 modules transformed.
rendering chunks...
computing gzip size...
dist-icon-tests/index.html                              0.58 kB │ gzip:     0.35 kB
dist-icon-tests/assets/worker-CsXkqX-T.js               1.19 kB
dist-icon-tests/assets/format.worker-Bb1B2kHz.js        6.16 kB
dist-icon-tests/assets/typescript-HXNn4lJN.js       3,588.95 kB
dist-icon-tests/assets/index-DIetVXXT.css              84.56 kB │ gzip:    14.92 kB
dist-icon-tests/assets/preload-helper-BXl3LOEh.js       1.11 kB │ gzip:     0.65 kB
dist-icon-tests/assets/index-CpZ91HPQ.js               16.59 kB │ gzip:     4.65 kB
dist-icon-tests/assets/addon-image-BxricI7a.js         80.41 kB │ gzip:    25.12 kB
dist-icon-tests/assets/standalone-Cayz_KD-.js          81.46 kB │ gzip:    27.13 kB
dist-icon-tests/assets/postcss-BGfBeQpW.js            156.74 kB │ gzip:    44.90 kB
dist-icon-tests/assets/html-DwgzGnwN.js               160.11 kB │ gzip:    50.60 kB
dist-icon-tests/assets/addon-ligatures-BOzI2Oy0.js    172.54 kB │ gzip:    51.34 kB
dist-icon-tests/assets/estree-DFfjoHvx.js             211.14 kB │ gzip:    61.75 kB
dist-icon-tests/assets/addon-webgl-PbQqCq-D.js        251.80 kB │ gzip:    68.66 kB
dist-icon-tests/assets/markdown-Bd15IfY5.js           268.44 kB │ gzip:    91.74 kB
dist-icon-tests/assets/babel-BktJt1uC.js              318.08 kB │ gzip:    82.85 kB
dist-icon-tests/assets/typescript-cMir0TZb.js         462.30 kB │ gzip:   126.44 kB
dist-icon-tests/assets/index-mxDNXAIJ.js            2,761.53 kB │ gzip:   778.46 kB
dist-icon-tests/assets/typescript-BSusOgP8.js       3,588.37 kB │ gzip: 1,028.07 kB

(!) Some chunks are larger than 1800 kB after minification. Consider:
- Using dynamic import() to code-split the application
- Use build.rollupOptions.output.manualChunks to improve chunking: https://rollupjs.org/configuration-options/#output-manualchunks
- Adjust chunk size limit for this warning via build.chunkSizeWarningLimit.
✓ built in 22.91s
