[WARN] The "pnpm" field in package.json is no longer read by pnpm. The following keys were ignored: "pnpm.onlyBuiltDependencies", "pnpm.overrides". See https://pnpm.io/settings for the new home of each setting.

 RUN  v3.2.7 /Users/ryanyannelli/Development/oxbit

 ✓ packages/icon-themes/src/resolver.test.ts (10 tests) 3ms
 ❯ packages/ui/src/product-icons.test.ts (2 tests | 1 failed) 10ms
   ✓ maps every built-in product ID or explicitly preserves its fallback 1ms
   × preserves legacy contributed SVG paths and dimensions 8ms
     → Missing getServerSnapshot, which is required for server-rendered content. Will revert to client rendering.

⎯⎯⎯⎯⎯⎯⎯ Failed Tests 1 ⎯⎯⎯⎯⎯⎯⎯

 FAIL  packages/ui/src/product-icons.test.ts > preserves legacy contributed SVG paths and dimensions
Error: Missing getServerSnapshot, which is required for server-rendered content. Will revert to client rendering.
 ❯ Object.useSyncExternalStore node_modules/.pnpm/react-dom@19.1.0_react@19.1.0/node_modules/react-dom/cjs/react-dom-server-legacy.node.development.js:8917:19
 ❯ process.env.NODE_ENV.exports.useSyncExternalStore node_modules/.pnpm/react@19.1.0/node_modules/react/cjs/react.development.js:1228:34
 ❯ IconProvider packages/ui/src/index.tsx:26:19
     24| }) {
     25|   const service = kernel?.services.optional<IconThemes>("iconThemes");
     26|   const version = useSyncExternalStore(service?.subscribe ?? noSubscri…
       |                   ^
     27|   return <iconThemeContext.Provider value={{ service, variant, kernel,…
     28| }
 ❯ Object.react-stack-bottom-frame node_modules/.pnpm/react-dom@19.1.0_react@19.1.0/node_modules/react-dom/cjs/react-dom-server-legacy.node.development.js:8970:18
 ❯ renderWithHooks node_modules/.pnpm/react-dom@19.1.0_react@19.1.0/node_modules/react-dom/cjs/react-dom-server-legacy.node.development.js:4699:19
 ❯ renderElement node_modules/.pnpm/react-dom@19.1.0_react@19.1.0/node_modules/react-dom/cjs/react-dom-server-legacy.node.development.js:5134:23
 ❯ retryNode node_modules/.pnpm/react-dom@19.1.0_react@19.1.0/node_modules/react-dom/cjs/react-dom-server-legacy.node.development.js:5910:21
 ❯ performWork node_modules/.pnpm/react-dom@19.1.0_react@19.1.0/node_modules/react-dom/cjs/react-dom-server-legacy.node.development.js:6743:17
 ❯ startWork node_modules/.pnpm/react-dom@19.1.0_react@19.1.0/node_modules/react-dom/cjs/react-dom-server-legacy.node.development.js:7467:7
 ❯ renderToStringImpl node_modules/.pnpm/react-dom@19.1.0_react@19.1.0/node_modules/react-dom/cjs/react-dom-server-legacy.node.development.js:7555:7

⎯⎯⎯⎯⎯⎯⎯⎯⎯⎯⎯⎯⎯⎯⎯⎯⎯⎯⎯⎯⎯⎯⎯⎯[1/1]⎯


 Test Files  1 failed | 1 passed (2)
      Tests  1 failed | 11 passed (12)
   Start at  04:52:31
   Duration  580ms (transform 176ms, setup 0ms, collect 401ms, tests 13ms, environment 0ms, prepare 108ms)

