[WARN] The "pnpm" field in package.json is no longer read by pnpm. The following keys were ignored: "pnpm.onlyBuiltDependencies", "pnpm.overrides". See https://pnpm.io/settings for the new home of each setting.
 WARN  Unsupported engine: wanted: {"node":">=24 <25"} (current: {"node":"v26.4.0","pnpm":"9.15.0"})

> oxbit@0.1.0 test:browser /Users/ryanyannelli/Development/oxbit
> playwright test

[WebServer] (node:92532) Warning: The 'NO_COLOR' env is ignored due to the 'FORCE_COLOR' env being set.
[WebServer] (Use `node --trace-warnings ...` to show where the warning was created)
[WebServer] (node:92567) Warning: The 'NO_COLOR' env is ignored due to the 'FORCE_COLOR' env being set.
[WebServer] (Use `node --trace-warnings ...` to show where the warning was created)
[WebServer] (node:92567) ExperimentalWarning: localStorage is not available because --localstorage-file was not provided.
(node:92458) ExperimentalWarning: localStorage is not available because --localstorage-file was not provided.
(Use `node --trace-warnings ...` to show where the warning was created)

Running 25 tests using 1 worker

(node:92568) Warning: The 'NO_COLOR' env is ignored due to the 'FORCE_COLOR' env being set.
(Use `node --trace-warnings ...` to show where the warning was created)
(node:92568) ExperimentalWarning: localStorage is not available because --localstorage-file was not provided.
  ✓   1 tests/browser/acceptance.spec.ts:44:1 › browser workspace edits, saves, splits and recovers Unicode drafts and view state (866ms)
  ✓   2 tests/browser/acceptance.spec.ts:77:1 › localized settings persist and fit the phone viewport (513ms)
  ✓   3 tests/browser/acceptance.spec.ts:105:1 › the printed pairing link opens the runtime workspace on first launch (377ms)
  ✓   4 tests/browser/acceptance.spec.ts:136:1 › the oxbit command opens the named file in the runtime workspace (362ms)
  ✓   5 tests/browser/acceptance.spec.ts:152:1 › runtime filesystem, revision checked save, refresh and failed save recovery (511ms)
  ✓   6 tests/browser/acceptance.spec.ts:216:1 › real language responses, diagnostics, rename edits and supported code action (2.2s)
  ✓   7 tests/browser/acceptance.spec.ts:288:1 › workspace search previews replacements against unsaved versions (483ms)
  ✓   8 tests/browser/acceptance.spec.ts:316:1 › real terminal, resize, task status and cancellation (778ms)
  ✓   9 tests/browser/acceptance.spec.ts:379:1 › stage and commit actual Git changes without repeating a request (672ms)
  ✓  10 tests/browser/acceptance.spec.ts:413:1 › two independent browsers converge concurrent offline edits and keep per-user undo (1.1s)
  ✓  11 tests/browser/acceptance.spec.ts:463:1 › external SDK extension lifecycle removes contributions and survives failed activation (766ms)
  ✓  12 tests/browser/acceptance.spec.ts:535:1 › both themes render at all four reference viewports with visual comparison artifacts (4.3s)
  ✓  13 tests/browser/acceptance.spec.ts:618:1 › Unicode, synthetic composition, multiple cursors and local paint latency (3.6s)
  ✓  14 tests/browser/acceptance.spec.ts:706:1 › sustained editing and repeated switching keep document and extension state (2.0m)
  ✓  15 tests/browser/acceptance.spec.ts:745:1 › runtime process loss preserves browser drafts and reports lost PTYs (2.5s)
  ✓  16 tests/browser/acceptance.spec.ts:819:1 › replacement preview groups files and keeps deselected files available (737ms)
  ✓  17 tests/browser/acceptance.spec.ts:866:1 › formatter workers obey language scope and Markdown preview opens beside its source (778ms)
  ✓  18 tests/browser/acceptance.spec.ts:916:1 › native browser directory handles retain identity, encoded saves and drafts after refresh (774ms)
  ✓  19 tests/browser/acceptance.spec.ts:973:1 › browser IME composition commits and cancels without duplicate text (434ms)
  ✓  20 tests/browser/acceptance.spec.ts:1010:1 › phone touch navigation and reduced motion preserve focus and layout (525ms)
  ✓  21 tests/browser/acceptance.spec.ts:1050:1 › a contributed filesystem opens through the workspace UI and survives provider teardown (650ms)
  ✓  22 tests/browser/branding.spec.ts:3:1 › brand preview switches themes under the runtime content security policy (176ms)
  ✓  23 tests/browser/branding.spec.ts:16:1 › Oxbit branding, assets, and storage work on a fresh browser profile (444ms)
  ✓  24 tests/browser/branding.spec.ts:71:1 › an Oxbit browser workspace and formatter preference persist across reloads (446ms)
  ✓  25 tests/browser/explorer.spec.ts:4:1 › explorer loads expanded folders, reveals search results, and exports collapsed folders (1.5s)

  25 passed (2.5m)
