
> oxbit@0.1.0 test:browser /Users/ryanyannelli/Development/oxbit
> playwright test

[WebServer] (node:84198) Warning: The 'NO_COLOR' env is ignored due to the 'FORCE_COLOR' env being set.
[WebServer] (Use `node --trace-warnings ...` to show where the warning was created)
[WebServer] (node:84230) Warning: The 'NO_COLOR' env is ignored due to the 'FORCE_COLOR' env being set.
[WebServer] (Use `node --trace-warnings ...` to show where the warning was created)

Running 44 tests using 1 worker

(node:84231) Warning: The 'NO_COLOR' env is ignored due to the 'FORCE_COLOR' env being set.
(Use `node --trace-warnings ...` to show where the warning was created)
  ✓   1 tests/browser/acceptance.spec.ts:44:1 › browser workspace edits, saves, splits and recovers Unicode drafts and view state (1.0s)
  ✓   2 tests/browser/acceptance.spec.ts:77:1 › localized settings persist and fit the phone viewport (573ms)
  ✓   3 tests/browser/acceptance.spec.ts:105:1 › the printed pairing link opens the runtime workspace on first launch (417ms)
  ✓   4 tests/browser/acceptance.spec.ts:136:1 › the oxbit command opens the named file in the runtime workspace (378ms)
  ✓   5 tests/browser/acceptance.spec.ts:152:1 › runtime filesystem, revision checked save, refresh and failed save recovery (781ms)
  ✓   6 tests/browser/acceptance.spec.ts:216:1 › real language responses, diagnostics, rename edits and supported code action (2.3s)
  ✓   7 tests/browser/acceptance.spec.ts:288:1 › workspace search previews replacements against unsaved versions (994ms)
  ✓   8 tests/browser/acceptance.spec.ts:316:1 › real terminal, resize, task status and cancellation (846ms)
  ✓   9 tests/browser/acceptance.spec.ts:379:1 › stage and commit actual Git changes without repeating a request (749ms)
  ✓  10 tests/browser/acceptance.spec.ts:413:1 › two independent browsers converge concurrent offline edits and keep per-user undo (1.2s)
  ✓  11 tests/browser/acceptance.spec.ts:463:1 › external SDK extension lifecycle removes contributions and survives failed activation (832ms)
  ✓  12 tests/browser/acceptance.spec.ts:535:1 › both themes render at all four reference viewports with visual comparison artifacts (4.4s)
  ✓  13 tests/browser/acceptance.spec.ts:618:1 › Unicode, synthetic composition, multiple cursors and local paint latency (4.1s)
  ✓  14 tests/browser/acceptance.spec.ts:706:1 › sustained editing and repeated switching keep document and extension state (2.0m)
  ✓  15 tests/browser/acceptance.spec.ts:745:1 › runtime process loss preserves browser drafts and reports lost PTYs (2.5s)
  ✓  16 tests/browser/acceptance.spec.ts:819:1 › replacement preview groups files and keeps deselected files available (762ms)
  ✓  17 tests/browser/acceptance.spec.ts:866:1 › formatter workers obey language scope and Markdown preview opens beside its source (801ms)
  ✓  18 tests/browser/acceptance.spec.ts:916:1 › native browser directory handles retain identity, encoded saves and drafts after refresh (800ms)
  ✓  19 tests/browser/acceptance.spec.ts:973:1 › browser IME composition commits and cancels without duplicate text (444ms)
  ✓  20 tests/browser/acceptance.spec.ts:1010:1 › phone touch navigation and reduced motion preserve focus and layout (536ms)
  ✓  21 tests/browser/acceptance.spec.ts:1050:1 › a contributed filesystem opens through the workspace UI and survives provider teardown (698ms)
  ✓  22 tests/browser/branding.spec.ts:3:1 › brand preview switches themes under the runtime content security policy (225ms)
  ✓  23 tests/browser/branding.spec.ts:16:1 › Oxbit branding, assets, and storage work on a fresh browser profile (484ms)
  ✓  24 tests/browser/branding.spec.ts:71:1 › an Oxbit browser workspace and formatter preference persist across reloads (455ms)
  ✓  25 tests/browser/dialogs-symbols.spec.ts:19:1 › failed symbol initialization stays visible without repeatedly restarting the server (1.3s)
  ✓  26 tests/browser/dialogs-symbols.spec.ts:58:1 › workspace and About dialogs follow every theme on desktop and phone (4.7s)
  ✓  27 tests/browser/dialogs-symbols.spec.ts:145:1 › dialog keyboard actions trap focus and preserve workspace actions (913ms)
  ✓  28 tests/browser/dialogs-symbols.spec.ts:172:1 › symbols explain when the browser workspace has no language server (901ms)
  ✓  29 tests/browser/dialogs-symbols.spec.ts:187:1 › real TypeScript symbols populate Outline and Quick Open, navigate, and follow edits and file changes (2.5s)
  ✓  30 tests/browser/explorer.spec.ts:4:1 › explorer loads expanded folders, reveals search results, and exports collapsed folders (1.5s)
  ✓  31 tests/browser/language-design.spec.ts:29:1 › live language server controls and formatted hover survive a stop/start cycle (3.4s)
  ✓  32 tests/browser/language-design.spec.ts:67:1 › long documentation and status controls fit small viewports and support dismissal (1.2s)
  ✓  33 tests/browser/language-design.spec.ts:109:1 › contributed servers appear individually and expose startup failures (563ms)
  ✓  34 tests/browser/panel-design.spec.ts:18:1 › custom selects, styled checkboxes, presence spacing and fold alignment (1.2s)

  ✓  35 tests/browser/panel-design.spec.ts:136:1 › source control keeps its form visible and supports real branches, trees, and staging (1.8s)
  ✓  36 tests/browser/panel-design.spec.ts:246:1 › terminal tabs switch, rename, search and split the selected session (1.4s)
  ✓  37 tests/browser/panel-design.spec.ts:312:1 › tooltip delay is configurable and explorer rows use a pointer (2.5s)
  ✓  38 tests/browser/tooltips.spec.ts:9:1 › icon tooltips cover toolbars, activity views, and tab actions (6.6s)
  ✓  39 tests/browser/tooltips.spec.ts:40:1 › keyboard focus reveals help and Escape dismisses only the tooltip (453ms)
  ✓  40 tests/browser/tooltips.spec.ts:60:1 › tooltips stay hoverable and recover after a dismissed or interrupted hover (3.5s)
  ✓  41 tests/browser/tooltips.spec.ts:89:1 › clicks, scrolling, and disappearing controls clear tooltips (3.0s)
  ✓  42 tests/browser/tooltips.spec.ts:123:1 › tooltip colors follow all themes and stay inside desktop and phone edges (7.7s)
  ✓  43 tests/browser/tooltips.spec.ts:179:1 › touch taps do not leave a hover tooltip open (917ms)
  ✓  44 tests/browser/tooltips.spec.ts:199:1 › dialog icons have one tooltip and dismiss it before closing the dialog (1.5s)

  44 passed (3.3m)
