
> oxbit@0.1.0 desktop:test:native /Users/ryanyannelli/Development/oxbit
> wdio run tests/desktop/wdio.conf.mjs


Execution of 1 workers started at 2026-09-07T08:09:33.324Z

[0-0] RUNNING in undefined - file:///tests/desktop/workbench.e2e.mjs
[0-0] PASSED in undefined - file:///tests/desktop/workbench.e2e.mjs

 "spec" Reporter:
------------------------------------------------------------------
[webkit 605.1.15 macos #0-0] Running: webkit (v605.1.15) on macos
[webkit 605.1.15 macos #0-0] Session ID: 7a3a98ec-8e97-45d7-8114-21334074b042
[webkit 605.1.15 macos #0-0]
[webkit 605.1.15 macos #0-0] » tests/desktop/workbench.e2e.mjs
[webkit 605.1.15 macos #0-0] Oxbit native workbench
[webkit 605.1.15 macos #0-0]    ✓ opens a real folder in a local WebView without trusting its tools
[webkit 605.1.15 macos #0-0]    ✓ retains dirty documents across project switches and duplicate opens
[webkit 605.1.15 macos #0-0]    ✓ cancels a close without losing drafts, and saves through the close flow
[webkit 605.1.15 macos #0-0]    ✓ routes a nested file into its existing project and consumes the open event once
[webkit 605.1.15 macos #0-0]    ✓ discards a project draft only after acceptance and does not recover it on reopen
[webkit 605.1.15 macos #0-0]    ✓ runs a real PTY and search only after explicit trust and uses native clipboard
[webkit 605.1.15 macos #0-0]    ✓ completes TypeScript, cancels a real task, and stages a Git file in the native host
[webkit 605.1.15 macos #0-0]    ✓ preserves a dirty draft when an external disk edit causes a conflict
[webkit 605.1.15 macos #0-0]    ✓ loads an SDK extension through the application protocol and cleans its contributions
[webkit 605.1.15 macos #0-0]    ✓ restarts a crashed runtime with the same drafts and ended tools
[webkit 605.1.15 macos #0-0]    ✓ honors new-window settings, shared settings, and duplicate-project focusing
[webkit 605.1.15 macos #0-0]    ✓ moves a project with its dirty draft and running runtime, then denies its old window
[webkit 605.1.15 macos #0-0]    ✓ ignores a delayed prepare result after another window cancels quit
[webkit 605.1.15 macos #0-0]    ✓ cancels application quit across windows without discarding their drafts
[webkit 605.1.15 macos #0-0]
[webkit 605.1.15 macos #0-0] 14 passing (6.9s)


Spec Files:	 1 passed, 1 total (100% completed) in 00:00:07  

