        Info Looking up installed tauri packages to check mismatched versions...
   Compiling oxbit-desktop v0.1.0 (/work/apps/desktop/src-tauri)
    Finished `dev` profile [unoptimized + debuginfo] target(s) in 48.39s
       Built application at: /work/apps/desktop/src-tauri/target/x86_64-unknown-linux-gnu/debug/oxbit-desktop

> oxbit@0.1.0 desktop:test:native /work
> wdio run tests/desktop/wdio.conf.mjs

dbus-daemon[23368]: [session uid=0 pid=23368] Activating service name='org.a11y.Bus' requested by ':1.0' (uid=0 pid=23432 comm="/usr/bin/qemu-x86_64 /work/apps/desktop/src-tauri/")
dbus-daemon[23368]: [session uid=0 pid=23368] Successfully activated service 'org.a11y.Bus'
dbus-daemon[23368]: [session uid=0 pid=23368] Activating service name='org.freedesktop.portal.Desktop' requested by ':1.2' (uid=0 pid=23432 comm="/usr/bin/qemu-x86_64 /work/apps/desktop/src-tauri/")
dbus-daemon[23368]: [session uid=0 pid=23368] Activating service name='org.freedesktop.portal.Documents' requested by ':1.3' (uid=0 pid=23454 comm="/usr/bin/qemu-x86_64 /usr/libexec/xdg-desktop-port")
dbus-daemon[23368]: [session uid=0 pid=23368] Activating service name='org.freedesktop.impl.portal.PermissionStore' requested by ':1.4' (uid=0 pid=23463 comm="/usr/bin/qemu-x86_64 /usr/libexec/xdg-document-por")
dbus-daemon[23368]: [session uid=0 pid=23368] Successfully activated service 'org.freedesktop.impl.portal.PermissionStore'
dbus-daemon[23368]: [session uid=0 pid=23368] Successfully activated service 'org.freedesktop.portal.Documents'
fusermount3: fuse device not found, try 'modprobe fuse' first
error: fuse init failed: Can't mount path /root/.cache/doc

(/usr/libexec/xdg-desktop-portal:23454): xdg-desktop-portal-WARNING **: 08:10:46.191: Choosing gtk.portal for org.freedesktop.impl.portal.Lockdown as a last-resort fallback

(/usr/libexec/xdg-desktop-portal:23454): xdg-desktop-portal-WARNING **: 08:10:46.194: The preferred method to match portal implementations to desktop environments is to use the portals.conf(5) configuration file
dbus-daemon[23368]: [session uid=0 pid=23368] Activating service name='org.freedesktop.impl.portal.desktop.gtk' requested by ':1.3' (uid=0 pid=23454 comm="/usr/bin/qemu-x86_64 /usr/libexec/xdg-desktop-port")
dbus-daemon[23446]: Activating service name='org.a11y.atspi.Registry' requested by ':1.1' (uid=0 pid=23488 comm="/usr/bin/qemu-x86_64 /usr/libexec/xdg-desktop-port")

(xdg-desktop-portal-gtk:23488): xdg-desktop-portal-gtk-WARNING **: 08:10:46.468: error: Could not connect: No such file or directory

dbus-daemon[23446]: Successfully activated service 'org.a11y.atspi.Registry'
SpiRegistry daemon is running with well-known name - org.a11y.atspi.Registry
dbus-daemon[23368]: [session uid=0 pid=23368] Successfully activated service 'org.freedesktop.impl.portal.desktop.gtk'

(/usr/libexec/xdg-desktop-portal:23454): xdg-desktop-portal-WARNING **: 08:10:46.705: Failed to create RealtimeKit proxy: Could not connect: No such file or directory

(/usr/libexec/xdg-desktop-portal:23454): xdg-desktop-portal-WARNING **: 08:10:46.707: No skeleton to export

(/usr/libexec/xdg-desktop-portal:23454): xdg-desktop-portal-WARNING **: 08:10:46.707: Choosing gtk.portal for org.freedesktop.impl.portal.FileChooser as a last-resort fallback

(/usr/libexec/xdg-desktop-portal:23454): xdg-desktop-portal-WARNING **: 08:10:46.718: Choosing gtk.portal for org.freedesktop.impl.portal.AppChooser as a last-resort fallback

(/usr/libexec/xdg-desktop-portal:23454): xdg-desktop-portal-WARNING **: 08:10:46.729: Choosing gtk.portal for org.freedesktop.impl.portal.Print as a last-resort fallback

(/usr/libexec/xdg-desktop-portal:23454): xdg-desktop-portal-WARNING **: 08:10:46.738: Choosing gtk.portal for org.freedesktop.impl.portal.Notification as a last-resort fallback

(/usr/libexec/xdg-desktop-portal:23454): xdg-desktop-portal-WARNING **: 08:10:46.746: Choosing gtk.portal for org.freedesktop.impl.portal.Inhibit as a last-resort fallback

(/usr/libexec/xdg-desktop-portal:23454): xdg-desktop-portal-WARNING **: 08:10:46.759: Choosing gtk.portal for org.freedesktop.impl.portal.Access as a last-resort fallback
[W][08433.148037] pw.conf      | [          conf.c: 1031 try_load_conf()] can't load config client.conf: No such file or directory
[E][08433.148492] pw.conf      | [          conf.c: 1060 pw_conf_load_conf_for_context()] can't load config client.conf: No such file or directory

(/usr/libexec/xdg-desktop-portal:23454): xdg-desktop-portal-WARNING **: 08:10:46.793: Failed connect to PipeWire: Couldn't create PipeWire context

(/usr/libexec/xdg-desktop-portal:23454): xdg-desktop-portal-WARNING **: 08:10:46.794: Choosing gtk.portal for org.freedesktop.impl.portal.Account as a last-resort fallback

(/usr/libexec/xdg-desktop-portal:23454): xdg-desktop-portal-WARNING **: 08:10:46.805: Choosing gtk.portal for org.freedesktop.impl.portal.Email as a last-resort fallback

(/usr/libexec/xdg-desktop-portal:23454): xdg-desktop-portal-WARNING **: 08:10:46.814: Choosing gtk.portal for org.freedesktop.impl.portal.DynamicLauncher as a last-resort fallback
dbus-daemon[23368]: [session uid=0 pid=23368] Successfully activated service 'org.freedesktop.portal.Desktop'

Execution of 1 workers started at 2026-09-07T08:10:50.444Z

[0-0] RUNNING in undefined - file:///tests/desktopbench.e2e.mjs
[0-0] PASSED in undefined - file:///tests/desktopbench.e2e.mjs

 "spec" Reporter:
------------------------------------------------------------------
[WebKitGTK 605.1.15 linux #0-0] Running: WebKitGTK (v605.1.15) on linux
[WebKitGTK 605.1.15 linux #0-0] Session ID: 01c7d813-a2cb-421d-99dc-3d4f6dacd63c
[WebKitGTK 605.1.15 linux #0-0]
[WebKitGTK 605.1.15 linux #0-0] » tests/desktop/workbench.e2e.mjs
[WebKitGTK 605.1.15 linux #0-0] Oxbit native workbench
[WebKitGTK 605.1.15 linux #0-0]    ✓ opens a real folder in a local WebView without trusting its tools
[WebKitGTK 605.1.15 linux #0-0]    ✓ retains dirty documents across project switches and duplicate opens
[WebKitGTK 605.1.15 linux #0-0]    ✓ cancels a close without losing drafts, and saves through the close flow
[WebKitGTK 605.1.15 linux #0-0]    ✓ routes a nested file into its existing project and consumes the open event once
[WebKitGTK 605.1.15 linux #0-0]    ✓ discards a project draft only after acceptance and does not recover it on reopen
[WebKitGTK 605.1.15 linux #0-0]    ✓ runs a real PTY and search only after explicit trust and uses native clipboard
[WebKitGTK 605.1.15 linux #0-0]    ✓ completes TypeScript, cancels a real task, and stages a Git file in the native host
[WebKitGTK 605.1.15 linux #0-0]    ✓ preserves a dirty draft when an external disk edit causes a conflict
[WebKitGTK 605.1.15 linux #0-0]    ✓ loads an SDK extension through the application protocol and cleans its contributions
[WebKitGTK 605.1.15 linux #0-0]    ✓ restarts a crashed runtime with the same drafts and ended tools
[WebKitGTK 605.1.15 linux #0-0]    ✓ honors new-window settings, shared settings, and duplicate-project focusing
[WebKitGTK 605.1.15 linux #0-0]    ✓ moves a project with its dirty draft and running runtime, then denies its old window
[WebKitGTK 605.1.15 linux #0-0]    ✓ ignores a delayed prepare result after another window cancels quit
[WebKitGTK 605.1.15 linux #0-0]    ✓ cancels application quit across windows without discarding their drafts
[WebKitGTK 605.1.15 linux #0-0]
[WebKitGTK 605.1.15 linux #0-0] 14 passing (3m 27.7s)


Spec Files:	 1 passed, 1 total (100% completed) in 00:03:42  

Date: 2026-09-07 UTC
[08:14:34.777] weston 13.0.0
               https://wayland.freedesktop.org
               Bug reports to: https://gitlab.freedesktop.org/wayland/weston/issues/
               Build: 13.0.0
[08:14:34.796] Command line: weston --backend=headless --renderer=pixman --no-config --idle-time=0 --socket=wayland-oxbit
[08:14:34.797] OS: Linux, 6.12.76-linuxkit, #1 SMP Thu Jun 18 21:12:39 UTC 2026, x86_64
[08:14:34.797] Flight recorder: enabled
[08:14:34.798] Starting with no config file.
[08:14:34.802] Output repaint window is 7 ms maximum.
[08:14:34.803] Loading module '/usr/lib/x86_64-linux-gnu/libweston-13/headless-backend.so'
[08:14:34.815] Using Pixman renderer
[08:14:34.815] Registered plugin API 'weston_windowed_output_api_v2' of size 16
[08:14:34.815] Color manager: no-op
[08:14:34.818] Output 'headless' attempts EOTF mode: SDR
[08:14:34.818] Output 'headless' using color profile: stock sRGB color profile
[08:14:34.819] Output 'headless' enabled with head(s) headless
[08:14:34.819] Compositor capabilities:
               arbitrary surface rotation: yes
               screen capture uses y-flip: no
               cursor planes: no
               arbitrary resolutions: no
               view mask clipping: yes
               explicit sync: no
               color operations: no
               presentation clock: CLOCK_MONOTONIC_RAW, id 4
               presentation clock resolution: 0.001000000 s
[08:14:34.820] Loading module '/usr/lib/x86_64-linux-gnu/weston/desktop-shell.so'
[08:14:34.826] launching '/usr/libexec/weston-keyboard'
[08:14:34.829] launching '/usr/libexec/weston-desktop-shell'
could not load cursor 'dnd-move'
could not load cursor 'dnd-copy'
could not load cursor 'dnd-none'
could not load cursor 'dnd-move'
could not load cursor 'dnd-copy'
could not load cursor 'dnd-none'

> oxbit@0.1.0 desktop:test:native /work
> wdio run tests/desktop/wdio.conf.mjs

dbus-daemon[24160]: [session uid=0 pid=24160] Activating service name='org.a11y.Bus' requested by ':1.1' (uid=0 pid=24246 comm="/usr/bin/qemu-x86_64 /work/apps/desktop/src-tauri/")
dbus-daemon[24160]: [session uid=0 pid=24160] Successfully activated service 'org.a11y.Bus'
dbus-daemon[24160]: [session uid=0 pid=24160] Activating service name='org.freedesktop.portal.Desktop' requested by ':1.0' (uid=0 pid=24246 comm="/usr/bin/qemu-x86_64 /work/apps/desktop/src-tauri/")
dbus-daemon[24160]: [session uid=0 pid=24160] Activating service name='org.freedesktop.portal.Documents' requested by ':1.3' (uid=0 pid=24276 comm="/usr/bin/qemu-x86_64 /usr/libexec/xdg-desktop-port")
dbus-daemon[24160]: [session uid=0 pid=24160] Activating service name='org.freedesktop.impl.portal.PermissionStore' requested by ':1.4' (uid=0 pid=24285 comm="/usr/bin/qemu-x86_64 /usr/libexec/xdg-document-por")
dbus-daemon[24160]: [session uid=0 pid=24160] Successfully activated service 'org.freedesktop.impl.portal.PermissionStore'
dbus-daemon[24160]: [session uid=0 pid=24160] Successfully activated service 'org.freedesktop.portal.Documents'
fusermount3: fuse device not found, try 'modprobe fuse' first
error: fuse init failed: Can't mount path /root/.cache/doc

(/usr/libexec/xdg-desktop-portal:24276): xdg-desktop-portal-WARNING **: 08:14:46.313: Choosing gtk.portal for org.freedesktop.impl.portal.Lockdown as a last-resort fallback

(/usr/libexec/xdg-desktop-portal:24276): xdg-desktop-portal-WARNING **: 08:14:46.315: The preferred method to match portal implementations to desktop environments is to use the portals.conf(5) configuration file
dbus-daemon[24160]: [session uid=0 pid=24160] Activating service name='org.freedesktop.impl.portal.desktop.gtk' requested by ':1.3' (uid=0 pid=24276 comm="/usr/bin/qemu-x86_64 /usr/libexec/xdg-desktop-port")
dbus-daemon[24265]: Activating service name='org.a11y.atspi.Registry' requested by ':1.1' (uid=0 pid=24310 comm="/usr/bin/qemu-x86_64 /usr/libexec/xdg-desktop-port")

(xdg-desktop-portal-gtk:24310): xdg-desktop-portal-gtk-WARNING **: 08:14:46.802: error: Could not connect: No such file or directory

dbus-daemon[24265]: Successfully activated service 'org.a11y.atspi.Registry'
SpiRegistry daemon is running with well-known name - org.a11y.atspi.Registry
dbus-daemon[24160]: [session uid=0 pid=24160] Successfully activated service 'org.freedesktop.impl.portal.desktop.gtk'

(/usr/libexec/xdg-desktop-portal:24276): xdg-desktop-portal-WARNING **: 08:14:46.995: Failed to create RealtimeKit proxy: Could not connect: No such file or directory

(/usr/libexec/xdg-desktop-portal:24276): xdg-desktop-portal-WARNING **: 08:14:46.996: No skeleton to export

(/usr/libexec/xdg-desktop-portal:24276): xdg-desktop-portal-WARNING **: 08:14:46.996: Choosing gtk.portal for org.freedesktop.impl.portal.FileChooser as a last-resort fallback

(/usr/libexec/xdg-desktop-portal:24276): xdg-desktop-portal-WARNING **: 08:14:47.003: Choosing gtk.portal for org.freedesktop.impl.portal.AppChooser as a last-resort fallback

(/usr/libexec/xdg-desktop-portal:24276): xdg-desktop-portal-WARNING **: 08:14:47.009: Choosing gtk.portal for org.freedesktop.impl.portal.Print as a last-resort fallback

(/usr/libexec/xdg-desktop-portal:24276): xdg-desktop-portal-WARNING **: 08:14:47.014: Choosing gtk.portal for org.freedesktop.impl.portal.Notification as a last-resort fallback

(/usr/libexec/xdg-desktop-portal:24276): xdg-desktop-portal-WARNING **: 08:14:47.020: Choosing gtk.portal for org.freedesktop.impl.portal.Inhibit as a last-resort fallback

(/usr/libexec/xdg-desktop-portal:24276): xdg-desktop-portal-WARNING **: 08:14:47.025: Choosing gtk.portal for org.freedesktop.impl.portal.Access as a last-resort fallback
[W][08673.398827] pw.conf      | [          conf.c: 1031 try_load_conf()] can't load config client.conf: No such file or directory
[E][08673.399207] pw.conf      | [          conf.c: 1060 pw_conf_load_conf_for_context()] can't load config client.conf: No such file or directory

(/usr/libexec/xdg-desktop-portal:24276): xdg-desktop-portal-WARNING **: 08:14:47.047: Failed connect to PipeWire: Couldn't create PipeWire context

(/usr/libexec/xdg-desktop-portal:24276): xdg-desktop-portal-WARNING **: 08:14:47.047: Choosing gtk.portal for org.freedesktop.impl.portal.Account as a last-resort fallback

(/usr/libexec/xdg-desktop-portal:24276): xdg-desktop-portal-WARNING **: 08:14:47.054: Choosing gtk.portal for org.freedesktop.impl.portal.Email as a last-resort fallback

(/usr/libexec/xdg-desktop-portal:24276): xdg-desktop-portal-WARNING **: 08:14:47.059: Choosing gtk.portal for org.freedesktop.impl.portal.DynamicLauncher as a last-resort fallback
dbus-daemon[24160]: [session uid=0 pid=24160] Successfully activated service 'org.freedesktop.portal.Desktop'

Execution of 1 workers started at 2026-09-07T08:14:50.550Z

[0-0] RUNNING in undefined - file:///tests/desktopbench.e2e.mjs
[0-0] PASSED in undefined - file:///tests/desktopbench.e2e.mjs

 "spec" Reporter:
------------------------------------------------------------------
[WebKitGTK 605.1.15 linux #0-0] Running: WebKitGTK (v605.1.15) on linux
[WebKitGTK 605.1.15 linux #0-0] Session ID: 80cce0ae-f900-438c-90f7-7b33c97f2988
[WebKitGTK 605.1.15 linux #0-0]
[WebKitGTK 605.1.15 linux #0-0] » tests/desktop/workbench.e2e.mjs
[WebKitGTK 605.1.15 linux #0-0] Oxbit native workbench
[WebKitGTK 605.1.15 linux #0-0]    ✓ opens a real folder in a local WebView without trusting its tools
[WebKitGTK 605.1.15 linux #0-0]    ✓ retains dirty documents across project switches and duplicate opens
[WebKitGTK 605.1.15 linux #0-0]    ✓ cancels a close without losing drafts, and saves through the close flow
[WebKitGTK 605.1.15 linux #0-0]    ✓ routes a nested file into its existing project and consumes the open event once
[WebKitGTK 605.1.15 linux #0-0]    ✓ discards a project draft only after acceptance and does not recover it on reopen
[WebKitGTK 605.1.15 linux #0-0]    ✓ runs a real PTY and search only after explicit trust and uses native clipboard
[WebKitGTK 605.1.15 linux #0-0]    ✓ completes TypeScript, cancels a real task, and stages a Git file in the native host
[WebKitGTK 605.1.15 linux #0-0]    ✓ preserves a dirty draft when an external disk edit causes a conflict
[WebKitGTK 605.1.15 linux #0-0]    ✓ loads an SDK extension through the application protocol and cleans its contributions
[WebKitGTK 605.1.15 linux #0-0]    ✓ restarts a crashed runtime with the same drafts and ended tools
[WebKitGTK 605.1.15 linux #0-0]    ✓ honors new-window settings, shared settings, and duplicate-project focusing
[WebKitGTK 605.1.15 linux #0-0]    ✓ moves a project with its dirty draft and running runtime, then denies its old window
[WebKitGTK 605.1.15 linux #0-0]    ✓ ignores a delayed prepare result after another window cancels quit
[WebKitGTK 605.1.15 linux #0-0]    ✓ cancels application quit across windows without discarding their drafts
[WebKitGTK 605.1.15 linux #0-0]
[WebKitGTK 605.1.15 linux #0-0] 14 passing (3m 9.2s)


Spec Files:	 1 passed, 1 total (100% completed) in 00:03:20  

[08:18:11.511] caught signal 15
[08:18:11.526] BUG: finalizing a layer with views still on it.
