
> oxbit@0.1.0 desktop:build /Users/ryanyannelli/Development/oxbit
> node scripts/desktop/run.mjs build

vite v7.3.6 building ssr environment for production...
transforming...
✓ 63 modules transformed.
rendering chunks...
dist-desktop/desktop.js  196.57 kB
✓ built in 401ms
Packaged Node v24.20.0; PTY module loaded: function
Desktop runtime staged at /Users/ryanyannelli/Development/oxbit/apps/desktop/src-tauri/resources/runtime
{
  "platform": "darwin-arm64",
  "result": "passed",
  "checks": [
    "private readiness",
    "minimal environment",
    "read-only resources",
    "spaces and Unicode",
    "authentication",
    "origin rejection",
    "workspace trust",
    "filesystem",
    "bundled ripgrep",
    "real PTY resize/output",
    "bundled TypeScript completion",
    "parent-loss cleanup",
    "restart identity"
  ]
}

> oxbit@0.1.0 build:example /Users/ryanyannelli/Development/oxbit
> pnpm build:sdk && pnpm --filter @oxbit/bundle-inspector exec vite build && node scripts/copy-example.mjs


> oxbit@0.1.0 build:sdk /Users/ryanyannelli/Development/oxbit
> node scripts/build-sdk.mjs

vite v7.3.6 building client environment for production...
transforming...
✓ 1 modules transformed.
rendering chunks...
computing gzip size...
dist/bundle-inspector.js  11.24 kB │ gzip: 3.59 kB │ map: 25.15 kB
✓ built in 92ms
Packaged notices for 93 frontend and 330 Rust packages
/Users/ryanyannelli/Development/oxbit/apps/desktop/src-tauri/resources/runtime/bin/node: replacing existing signature
/Users/ryanyannelli/Development/oxbit/apps/desktop/src-tauri/resources/runtime/bin/rg: replacing existing signature
/Users/ryanyannelli/Development/oxbit/apps/desktop/src-tauri/resources/runtime/node_modules/node-pty/prebuilds/darwin-arm64/pty.node: replacing existing signature
/Users/ryanyannelli/Development/oxbit/apps/desktop/src-tauri/resources/runtime/node_modules/node-pty/prebuilds/darwin-arm64/spawn-helper: replacing existing signature
Signed 4 bundled native files (ad hoc development signing).
        Info Looking up installed tauri packages to check mismatched versions...
     Running beforeBuildCommand `pnpm build`

> @oxbit/desktop@0.1.0 build /Users/ryanyannelli/Development/oxbit/apps/desktop
> vite build

vite v7.3.6 building client environment for production...
transforming...
✓ 315 modules transformed.
rendering chunks...
computing gzip size...
dist/index.html                              0.50 kB │ gzip:     0.31 kB
dist/assets/worker-CsXkqX-T.js               1.19 kB
dist/assets/format.worker-DHgxL0j0.js        2.23 kB
dist/assets/typescript-HXNn4lJN.js       3,588.95 kB
dist/assets/index-BiRsL4In.css              58.71 kB │ gzip:    12.20 kB
dist/assets/addon-image-BxricI7a.js         80.41 kB │ gzip:    25.12 kB
dist/assets/standalone-Cayz_KD-.js          81.46 kB │ gzip:    27.13 kB
dist/assets/postcss-BGfBeQpW.js            156.74 kB │ gzip:    44.90 kB
dist/assets/html-DwgzGnwN.js               160.11 kB │ gzip:    50.60 kB
dist/assets/addon-ligatures-BOzI2Oy0.js    172.54 kB │ gzip:    51.34 kB
dist/assets/estree-DFfjoHvx.js             211.14 kB │ gzip:    61.75 kB
dist/assets/addon-webgl-PbQqCq-D.js        251.80 kB │ gzip:    68.66 kB
dist/assets/markdown-Bd15IfY5.js           268.44 kB │ gzip:    91.74 kB
dist/assets/babel-BktJt1uC.js              318.08 kB │ gzip:    82.85 kB
dist/assets/typescript-cMir0TZb.js         462.30 kB │ gzip:   126.44 kB
dist/assets/index-Jk2bjzDm.js            1,832.02 kB │ gzip:   572.58 kB
dist/assets/typescript-BVbngzij.js       3,588.37 kB │ gzip: 1,028.07 kB

(!) Some chunks are larger than 1800 kB after minification. Consider:
- Using dynamic import() to code-split the application
- Use build.rollupOptions.output.manualChunks to improve chunking: https://rollupjs.org/configuration-options/#output-manualchunks
- Adjust chunk size limit for this warning via build.chunkSizeWarningLimit.
✓ built in 23.48s
   Compiling oxbit-desktop v0.1.0 (/Users/ryanyannelli/Development/oxbit/apps/desktop/src-tauri)
    Finished `release` profile [optimized] target(s) in 2m 03s
       Built application at: /tmp/oxbit-desktop-evidence/macos-target/release/oxbit-desktop
    Bundling Oxbit.app (/tmp/oxbit-desktop-evidence/macos-target/release/bundle/macos/Oxbit.app)
    Bundling Oxbit_0.1.0_aarch64.dmg (/tmp/oxbit-desktop-evidence/macos-target/release/bundle/dmg/Oxbit_0.1.0_aarch64.dmg)
     Running bundle_dmg.sh
    Finished 2 bundles at:
        /tmp/oxbit-desktop-evidence/macos-target/release/bundle/macos/Oxbit.app
        /tmp/oxbit-desktop-evidence/macos-target/release/bundle/dmg/Oxbit_0.1.0_aarch64.dmg

{
  "status": "passed",
  "scope": "Unsigned artifact structure; signing, Gatekeeper, and updates are not accepted",
  "artifacts": [
    "../../../../tmp/oxbit-desktop-evidence/macos-target/release/bundle/dmg/Oxbit_0.1.0_aarch64.dmg"
  ]
}
