Unable to find image 'ubuntu:24.04' locally
24.04: Pulling from library/ubuntu
0926a8eb0e60: Pulling fs layer
0926a8eb0e60: Verifying Checksum
0926a8eb0e60: Download complete
0926a8eb0e60: Pull complete
Digest: sha256:33ceb71981b602c1a7443a53469e4dba065f7503eab3078a2d7a57a2ab987517
Status: Downloaded newer image for ubuntu:24.04
debconf: delaying package configuration, since apt-utils is not installed
/tmp/node.tar.gz: OK
npm notice
npm notice New major version of npm available! 11.19.0 -> 12.0.2
npm notice Changelog: https://github.com/npm/cli/releases/tag/v12.0.2
npm notice To update run: npm install -g npm@12.0.2
npm notice
Scope: all 28 workspace projects
Lockfile is up to date, resolution step is skipped
Progress: resolved 1, reused 0, downloaded 0, added 0
Packages: +681
++++++++++++++++++++++++++++++++++++++++++++++++++++++++++++++++++++++++++++++++
Progress: resolved 681, reused 0, downloaded 0, added 0

   ╭──────────────────────────────────────────────────────────────────╮
   │                                                                  │
   │                Update available! 9.15.0 → 12.3.4.                │
   │   Changelog: https://github.com/pnpm/pnpm/releases/tag/v12.3.4   │
   │                Run "pnpm add -g pnpm" to update.                 │
   │                                                                  │
   ╰──────────────────────────────────────────────────────────────────╯

Progress: resolved 681, reused 0, downloaded 1, added 0
Progress: resolved 681, reused 0, downloaded 27, added 15
Progress: resolved 681, reused 0, downloaded 72, added 66
Progress: resolved 681, reused 0, downloaded 144, added 135
Progress: resolved 681, reused 0, downloaded 246, added 239
Progress: resolved 681, reused 0, downloaded 297, added 286
Progress: resolved 681, reused 0, downloaded 354, added 348
Progress: resolved 681, reused 0, downloaded 461, added 458
Progress: resolved 681, reused 0, downloaded 552, added 544
Progress: resolved 681, reused 0, downloaded 587, added 581
Progress: resolved 681, reused 0, downloaded 646, added 637
Progress: resolved 681, reused 0, downloaded 680, added 680
Progress: resolved 681, reused 0, downloaded 681, added 681, done
.../node-pty@1.1.0/node_modules/node-pty install$ node scripts/prebuild.js || node-gyp rebuild
.../esbuild@0.28.2/node_modules/esbuild postinstall$ node install.js
.../node-pty@1.1.0/node_modules/node-pty install: [32m> Checking prebuilds...[0m
.../node-pty@1.1.0/node_modules/node-pty install: [33m> Rebuilding because directory /work/node_modules/.pnpm/node-pty@1.1.0/node_modules/node-pty/prebuilds/linux-x64 does not exist[0m
.../esbuild@0.28.2/node_modules/esbuild postinstall: Done
.../node-pty@1.1.0/node_modules/node-pty install: gyp info it worked if it ends with ok
.../node-pty@1.1.0/node_modules/node-pty install: gyp info using node-gyp@10.2.0
.../node-pty@1.1.0/node_modules/node-pty install: gyp info using node@24.20.0 | linux | x64
.../node-pty@1.1.0/node_modules/node-pty install: gyp info find Python using Python version 3.12.3 found at "/usr/bin/python3"
.../node-pty@1.1.0/node_modules/node-pty install: gyp http GET https://nodejs.org/download/release/v24.20.0/node-v24.20.0-headers.tar.gz
.../node-pty@1.1.0/node_modules/node-pty install: gyp http 200 https://nodejs.org/download/release/v24.20.0/node-v24.20.0-headers.tar.gz
.../node-pty@1.1.0/node_modules/node-pty install: gyp http GET https://nodejs.org/download/release/v24.20.0/SHASUMS256.txt
.../node-pty@1.1.0/node_modules/node-pty install: gyp http 200 https://nodejs.org/download/release/v24.20.0/SHASUMS256.txt
.../node-pty@1.1.0/node_modules/node-pty install: gyp info spawn /usr/bin/python3
.../node-pty@1.1.0/node_modules/node-pty install: gyp info spawn args [
.../node-pty@1.1.0/node_modules/node-pty install: gyp info spawn args '/toolchain/lib/node_modules/pnpm/dist/node_modules/node-gyp/gyp/gyp_main.py',
.../node-pty@1.1.0/node_modules/node-pty install: gyp info spawn args 'binding.gyp',
.../node-pty@1.1.0/node_modules/node-pty install: gyp info spawn args '-f',
.../node-pty@1.1.0/node_modules/node-pty install: gyp info spawn args 'make',
.../node-pty@1.1.0/node_modules/node-pty install: gyp info spawn args '-I',
.../node-pty@1.1.0/node_modules/node-pty install: gyp info spawn args '/work/node_modules/.pnpm/node-pty@1.1.0/node_modules/node-pty/build/config.gypi',
.../node-pty@1.1.0/node_modules/node-pty install: gyp info spawn args '-I',
.../node-pty@1.1.0/node_modules/node-pty install: gyp info spawn args '/toolchain/lib/node_modules/pnpm/dist/node_modules/node-gyp/addon.gypi',
.../node-pty@1.1.0/node_modules/node-pty install: gyp info spawn args '-I',
.../node-pty@1.1.0/node_modules/node-pty install: gyp info spawn args '/root/.cache/node-gyp/24.20.0/include/node/common.gypi',
.../node-pty@1.1.0/node_modules/node-pty install: gyp info spawn args '-Dlibrary=shared_library',
.../node-pty@1.1.0/node_modules/node-pty install: gyp info spawn args '-Dvisibility=default',
.../node-pty@1.1.0/node_modules/node-pty install: gyp info spawn args '-Dnode_root_dir=/root/.cache/node-gyp/24.20.0',
.../node-pty@1.1.0/node_modules/node-pty install: gyp info spawn args '-Dnode_gyp_dir=/toolchain/lib/node_modules/pnpm/dist/node_modules/node-gyp',
.../node-pty@1.1.0/node_modules/node-pty install: gyp info spawn args '-Dnode_lib_file=/root/.cache/node-gyp/24.20.0/<(target_arch)/node.lib',
.../node-pty@1.1.0/node_modules/node-pty install: gyp info spawn args '-Dmodule_root_dir=/work/node_modules/.pnpm/node-pty@1.1.0/node_modules/node-pty',
.../node-pty@1.1.0/node_modules/node-pty install: gyp info spawn args '-Dnode_engine=v8',
.../node-pty@1.1.0/node_modules/node-pty install: gyp info spawn args '--depth=.',
.../node-pty@1.1.0/node_modules/node-pty install: gyp info spawn args '--no-parallel',
.../node-pty@1.1.0/node_modules/node-pty install: gyp info spawn args '--generator-output',
.../node-pty@1.1.0/node_modules/node-pty install: gyp info spawn args 'build',
.../node-pty@1.1.0/node_modules/node-pty install: gyp info spawn args '-Goutput_dir=.'
.../node-pty@1.1.0/node_modules/node-pty install: gyp info spawn args ]
.../node-pty@1.1.0/node_modules/node-pty install: gyp info spawn make
.../node-pty@1.1.0/node_modules/node-pty install: gyp info spawn args [ 'BUILDTYPE=Release', '-C', 'build' ]
.../node-pty@1.1.0/node_modules/node-pty install: make: Entering directory '/work/node_modules/.pnpm/node-pty@1.1.0/node_modules/node-pty/build'
.../node-pty@1.1.0/node_modules/node-pty install:   TOUCH Release/obj.target/../../../node-addon-api@7.1.1/node_modules/node-addon-api/node_addon_api_except.stamp
.../node-pty@1.1.0/node_modules/node-pty install:   CXX(target) Release/obj.target/pty/src/unix/pty.o
.../node-pty@1.1.0/node_modules/node-pty install:   SOLINK_MODULE(target) Release/obj.target/pty.node
.../node-pty@1.1.0/node_modules/node-pty install:   COPY Release/pty.node
.../node-pty@1.1.0/node_modules/node-pty install: make: Leaving directory '/work/node_modules/.pnpm/node-pty@1.1.0/node_modules/node-pty/build'
.../node-pty@1.1.0/node_modules/node-pty install: gyp info ok 
.../node-pty@1.1.0/node_modules/node-pty install: Done
.../node-pty@1.1.0/node_modules/node-pty postinstall$ node scripts/post-install.js
.../node-pty@1.1.0/node_modules/node-pty postinstall: [32m> Cleaning release folder...[0m
.../node-pty@1.1.0/node_modules/node-pty postinstall: [32m> Moving conpty.dll...[0m
.../node-pty@1.1.0/node_modules/node-pty postinstall:   SKIPPED (not Windows)
.../node-pty@1.1.0/node_modules/node-pty postinstall: Done
The following dependencies have build scripts that were ignored: edgedriver, geckodriver, highlight.js

devDependencies:
+ @playwright/test 1.62.1
+ @types/markdown-it 10.0.3
+ @types/node 24.13.3
+ @types/react 19.2.18
+ @types/react-dom 19.2.7
+ @types/semver 7.8.0
+ @types/ws 8.18.1
+ @vitejs/plugin-react 5.2.0
+ @wdio/cli 9.31.6
+ @wdio/local-runner 9.31.6
+ @wdio/mocha-framework 9.31.6
+ @wdio/spec-reporter 9.31.2
+ @wdio/tauri-service 1.4.0
+ eslint 9.39.5
+ lightningcss 1.30.1
+ tsx 4.23.13
+ typescript 5.9.3
+ typescript-eslint 8.69.0
+ vite 7.3.6
+ vitest 3.2.7

. postinstall$ node scripts/repair-pty.mjs
. postinstall: Done
Done in 52.2s
  % Total    % Received % Xferd  Average Speed   Time    Time     Time  Current
                                 Dload  Upload   Total   Spent    Left  Speed
  0     0    0     0    0     0      0      0 --:--:-- --:--:-- --:--:--     0 29 55.3M   29 16.5M    0     0  17.8M      0  0:00:03 --:--:--  0:00:03 17.9M 98 55.3M   98 54.2M    0     0  27.9M      0  0:00:01  0:00:01 --:--:-- 28.0M100 55.3M  100 55.3M    0     0  28.1M      0  0:00:01  0:00:01 --:--:-- 28.1M
  % Total    % Received % Xferd  Average Speed   Time    Time     Time  Current
                                 Dload  Upload   Total   Spent    Left  Speed
  0     0    0     0    0     0      0      0 --:--:-- --:--:-- --:--:--     0  0     0    0     0    0     0      0      0 --:--:-- --:--:-- --:--:--     0  0     0    0     0    0     0      0      0 --:--:-- --:--:-- --:--:--     0
100 2210k  100 2210k    0     0  1615k      0  0:00:01  0:00:01 --:--:-- 1615k
vite v7.3.6 building ssr environment for production...
transforming...
✓ 63 modules transformed.
rendering chunks...
dist-desktop/desktop.js  193.58 kB
✓ built in 5.18s
Packaged Node v24.20.0; PTY module loaded: function
Desktop runtime staged at /work/apps/desktop/src-tauri/resources/runtime
{
  "platform": "linux-x64",
  "result": "passed",
  "checks": [
    "private readiness",
    "minimal environment",
    "read-only resources",
    "spaces and Unicode",
    "authentication",
    "origin rejection",
    "workspace trust",
    "filesystem",
    "bundled ripgrep",
    "real PTY resize/output",
    "bundled TypeScript completion",
    "parent-loss cleanup",
    "restart identity"
  ]
}
