info: downloading 2 components
    Checking libc v0.2.189
   Compiling serde_core v1.0.229
    Checking pin-project-lite v0.2.17
    Checking futures-core v0.3.34
    Checking smallvec v1.16.0
    Checking cfg-if v1.0.4
    Checking memchr v2.8.3
    Checking once_cell v1.21.4
    Checking slab v0.4.12
    Checking futures-task v0.3.34
    Checking futures-channel v0.3.34
    Checking futures-io v0.3.34
    Checking futures-util v0.3.34
    Checking zerofrom v0.1.8
    Checking stable_deref_trait v1.2.1
    Checking thiserror v1.0.69
   Compiling cairo-sys-rs v0.18.2
    Checking itoa v1.0.18
    Checking yoke v0.8.3
    Checking bytes v1.12.1
    Checking litemap v0.8.3
    Checking zerovec v0.11.8
    Checking writeable v0.6.4
    Checking glib-sys v0.18.1
    Checking linux-raw-sys v0.12.1
    Checking zerotrie v0.2.5
    Checking gobject-sys v0.18.0
    Checking utf8_iter v1.0.4
    Checking tinystr v0.8.4
    Checking gio-sys v0.18.1
    Checking pango-sys v0.18.0
    Checking icu_locale_core v2.3.0
    Checking potential_utf v0.1.6
    Checking percent-encoding v2.3.2
    Checking icu_collections v2.3.0
    Checking gdk-pixbuf-sys v0.18.0
    Checking crossbeam-utils v0.8.23
    Checking icu_normalizer_data v2.3.0
    Checking futures-executor v0.3.34
    Checking icu_properties_data v2.3.0
    Checking atk-sys v0.18.2
    Checking http v1.5.0
    Checking socket2 v0.6.5
    Checking icu_provider v2.3.1
    Checking mio v1.2.3
    Checking log v0.4.34
    Checking winnow v1.0.4
    Checking hashbrown v0.17.1
    Checking icu_properties v2.3.0
    Checking icu_normalizer v2.3.0
    Checking equivalent v1.0.2
   Compiling serde_json v1.0.151
    Checking tokio v1.53.1
    Checking indexmap v2.14.2
    Checking zmij v1.0.23
    Checking idna_adapter v1.2.2
    Checking idna v1.1.0
    Checking getrandom v0.4.3
    Checking memoffset v0.9.1
    Checking form_urlencoded v1.2.2
    Checking thiserror v2.0.20
    Checking field-offset v0.3.6
    Checking num-conv v0.2.2
    Checking powerfmt v0.2.0
    Checking deranged v0.5.8
    Checking time-core v0.1.9
    Checking parking v2.2.1
    Checking javascriptcore-rs-sys v1.1.1
    Checking soup3-sys v0.5.0
    Checking aho-corasick v1.1.5
    Checking unic-char-range v0.9.0
    Checking bitflags v2.13.1
    Checking serde v1.0.229
    Checking glib v0.18.5
    Checking rustix v1.1.4
    Checking url v2.5.8
    Checking gdk-sys v0.18.2
    Checking time v0.3.55
    Checking gtk-sys v0.18.2
    Checking uuid v1.26.0
    Checking regex-syntax v0.8.11
    Checking bitflags v1.3.2
    Checking alloc-no-stdlib v2.0.4
    Checking unic-common v0.9.0
    Checking unic-ucd-version v0.9.0
    Checking alloc-stdlib v0.2.4
    Checking dpi v0.1.2
    Checking unic-char-property v0.9.0
    Checking typeid v1.0.3
    Checking x11 v2.21.0
    Checking fastrand v2.5.0
    Checking raw-window-handle v0.6.2
    Checking siphasher v1.0.3
    Checking byteorder v1.5.0
    Checking fnv v1.0.7
    Checking scopeguard v1.2.0
    Checking lock_api v0.4.14
    Checking cfb v0.7.3
    Checking phf_shared v0.13.1
    Checking regex-automata v0.4.18
    Checking webkit2gtk-sys v2.0.2
    Checking parking_lot_core v0.9.12
    Checking erased-serde v0.4.10
    Checking gdkx11-sys v0.18.2
    Checking unic-ucd-ident v0.9.0
    Checking brotli-decompressor v5.0.3
    Checking jsonptr v0.6.3
    Checking toml_datetime v1.1.1+spec-1.1.0
    Checking serde_spanned v1.1.1
    Checking toml_parser v1.1.3+spec-1.1.0
    Checking quick-xml v0.42.0
    Checking same-file v1.0.6
    Checking toml_writer v1.1.2+spec-1.1.0
    Checking option-ext v0.2.0
    Checking base64 v0.23.1
    Checking brotli v8.0.4
    Checking dirs-sys v0.5.0
    Checking toml v1.1.5+spec-1.1.0
    Checking walkdir v2.5.0
    Checking serde-untagged v0.1.9
    Checking anyhow v1.0.104
    Checking infer v0.19.0
    Checking json-patch v3.0.1
    Checking parking_lot v0.12.5
    Checking plist v1.10.1
    Checking cookie v0.18.2
    Checking libdbus-sys v0.2.7
    Checking x11-dl v2.21.0
    Checking phf v0.13.1
    Checking semver v1.0.28
    Checking serde_with v3.22.0
    Checking regex v1.13.1
    Checking crossbeam-channel v0.5.17
    Checking ctor v0.8.0
    Checking dunce v1.0.5
    Checking atomic-waker v1.1.2
    Checking urlpattern v0.3.0
    Checking glob v0.3.4
    Checking dlopen2 v0.8.2
    Checking dbus v0.9.12
    Checking dirs v6.0.0
    Checking gdkwayland-sys v0.18.2
    Checking event-listener v5.4.2
    Checking concurrent-queue v2.5.0
    Checking gio v0.18.4
    Checking cairo-rs v0.18.5
    Checking atk v0.18.2
    Checking javascriptcore-rs v1.1.2
    Checking unicode-ident v1.0.24
    Checking simd-adler32 v0.3.10
    Checking zeroize v1.9.0
    Checking unicode-segmentation v1.13.3
    Checking rustls-pki-types v1.15.1
    Checking tauri-utils v2.9.3
    Checking proc-macro2 v1.0.107
    Checking keyboard-types v0.7.0
    Checking event-listener-strategy v0.5.4
    Checking futures-lite v2.6.1
    Checking getrandom v0.2.17
    Checking tracing-core v0.1.36
    Checking untrusted v0.9.0
    Checking adler2 v2.0.1
    Checking ring v0.17.14
    Checking quote v1.0.47
    Checking serialize-to-javascript v0.1.2
    Checking wayland-sys v0.31.11
    Checking tracing v0.1.44
    Checking getrandom v0.3.4
    Checking http-body v1.1.0
    Checking mime v0.3.17
    Checking heck v0.5.0
    Checking downcast-rs v1.2.1
    Checking crc32fast v1.5.1
    Checking syn v3.0.5
    Checking wayland-backend v0.3.17
    Checking miniz_oxide v0.9.1
    Checking polling v3.11.0
    Checking errno v0.3.14
    Checking try-lock v0.2.5
    Checking subtle v2.6.1
    Checking tower-service v0.3.3
    Checking foldhash v0.1.5
    Checking async-task v4.7.1
    Checking wayland-client v0.31.15
    Checking hashbrown v0.15.5
    Checking want v0.3.1
    Checking rustls-webpki v0.103.15
    Checking flate2 v1.1.10
    Checking signal-hook-registry v1.4.8
    Checking rustls v0.23.43
    Checking async-io v2.6.0
    Checking httparse v1.10.1
    Checking async-channel v2.5.0
    Checking enumflags2 v0.7.12
    Checking zcheapstr v1.1.0
    Checking fixedbitset v0.5.7
    Checking typenum v1.20.1
    Checking endi v1.1.1
    Checking petgraph v0.8.3
    Checking wayland-protocols v0.32.13
    Checking zvariant_utils v4.2.0
    Checking generic-array v0.14.7
    Checking zvariant v5.15.0
    Checking async-signal v0.2.14
    Checking hyper v1.11.1
    Checking num-traits v0.2.19
    Checking miniz_oxide v0.8.9
    Checking async-lock v3.4.2
    Checking fdeflate v0.3.7
    Checking piper v0.2.5
    Checking nom v8.0.0
    Checking sync_wrapper v1.0.2
    Checking base64 v0.22.1
    Checking openssl-probe v0.2.1
    Checking tower-layer v0.3.3
    Checking ipnet v2.12.2
    Checking pxfm v0.1.30
    Checking tower v0.5.3
    Checking hyper-util v0.1.20
    Checking zbus_names v4.3.4
    Checking png v0.18.1
    Checking rustls-native-certs v0.8.4
    Checking async-process v2.5.0
    Checking blocking v1.7.0
    Checking tokio-rustls v0.26.5
    Checking async-executor v1.14.0
    Checking async-broadcast v0.7.2
    Checking gethostname v1.1.0
    Checking os_pipe v1.2.3
    Checking is-docker v0.2.0
    Checking ordered-stream v0.2.0
    Checking futures-sink v0.3.34
    Checking byteorder-lite v0.1.0
    Checking bytemuck v1.25.2
    Checking x11rb-protocol v0.13.2
    Checking hex v0.4.3
    Checking tokio-util v0.7.19
    Checking wayland-protocols-wlr v0.3.12
    Checking zbus v5.19.0
    Checking is-wsl v0.4.0
    Checking hyper-rustls v0.27.9
    Checking tree_magic_mini v3.2.2
    Checking rustls-platform-verifier v0.7.0
    Checking moxcms v0.8.1
    Checking tower-http v0.6.11
    Checking block-buffer v0.10.4
    Checking crypto-common v0.1.7
    Checking wl-clipboard-rs v0.9.3
    Checking http-body-util v0.1.5
    Checking xattr v1.6.1
    Checking filetime v0.2.29
    Checking reqwest v0.13.4
    Checking digest v0.10.7
    Checking tar v0.4.46
    Checking open v5.4.3
    Checking rfd v0.16.0
    Checking tempfile v3.27.0
   Compiling oxbit-desktop v0.1.0 (/work/apps/desktop/src-tauri)
    Checking cpufeatures v0.2.17
    Checking minisign-verify v0.2.5
    Checking gdk-pixbuf v0.18.5
    Checking pango v0.18.3
    Checking soup3 v0.5.0
    Checking sha2 v0.10.9
    Checking x11rb v0.13.2
    Checking gdk v0.18.2
    Checking image v0.25.10
    Checking arboard v3.6.1
    Checking gtk v0.18.2
    Checking gdkx11 v0.18.2
    Checking webkit2gtk v2.0.2
    Checking tao v0.35.3
    Checking muda v0.19.3
    Checking tauri-runtime v2.11.3
    Checking wry v0.55.1
    Checking tauri-runtime-wry v2.11.4
    Checking tauri v2.11.5
    Checking tauri-plugin-fs v2.5.2
    Checking tauri-plugin-updater v2.11.0
    Checking tauri-plugin-clipboard-manager v2.3.3
    Checking tauri-plugin-opener v2.5.5
    Checking tauri-plugin-single-instance v2.4.4
    Checking tauri-plugin-dialog v2.7.3
    Finished `dev` profile [unoptimized + debuginfo] target(s) in 37.99s
   Compiling serde_core v1.0.229
   Compiling stable_deref_trait v1.2.1
   Compiling cairo-sys-rs v0.18.2
   Compiling log v0.4.34
   Compiling tokio v1.53.1
   Compiling form_urlencoded v1.2.2
   Compiling yoke v0.8.3
   Compiling phf_shared v0.13.1
   Compiling gdk-sys v0.18.2
   Compiling tracing v0.1.44
   Compiling zerovec v0.11.8
   Compiling zerotrie v0.2.5
   Compiling phf v0.13.1
   Compiling gtk-sys v0.18.2
   Compiling gdkx11-sys v0.18.2
   Compiling gdkwayland-sys v0.18.2
   Compiling rustls-platform-verifier v0.7.0
   Compiling oxbit-desktop v0.1.0 (/work/apps/desktop/src-tauri)
   Compiling tinystr v0.8.4
   Compiling potential_utf v0.1.6
   Compiling icu_locale_core v2.3.0
   Compiling icu_collections v2.3.0
   Compiling webkit2gtk-sys v2.0.2
   Compiling rfd v0.16.0
   Compiling bitflags v2.13.1
   Compiling serde v1.0.229
   Compiling glib v0.18.5
   Compiling rustix v1.1.4
   Compiling icu_provider v2.3.1
   Compiling icu_normalizer v2.3.0
   Compiling icu_properties v2.3.0
   Compiling serde_json v1.0.151
   Compiling idna_adapter v1.2.2
   Compiling idna v1.1.0
   Compiling uuid v1.26.0
   Compiling url v2.5.8
   Compiling dpi v0.1.2
   Compiling cfb v0.7.3
   Compiling jsonptr v0.6.3
   Compiling toml_datetime v1.1.1+spec-1.1.0
   Compiling erased-serde v0.4.10
   Compiling serde_spanned v1.1.1
   Compiling toml v1.1.5+spec-1.1.0
   Compiling infer v0.19.0
   Compiling json-patch v3.0.1
   Compiling serde-untagged v0.1.9
   Compiling urlpattern v0.3.0
   Compiling plist v1.10.1
   Compiling semver v1.0.28
   Compiling serde_with v3.22.0
   Compiling keyboard-types v0.7.0
   Compiling gio v0.18.4
   Compiling cairo-rs v0.18.5
   Compiling atk v0.18.2
   Compiling javascriptcore-rs v1.1.2
   Compiling tauri-utils v2.9.3
   Compiling serialize-to-javascript v0.1.2
   Compiling wayland-backend v0.3.17
   Compiling polling v3.11.0
   Compiling async-io v2.6.0
   Compiling wayland-client v0.31.15
   Compiling zvariant_utils v4.2.0
   Compiling zcheapstr v1.1.0
   Compiling enumflags2 v0.7.12
   Compiling async-signal v0.2.14
   Compiling hyper v1.11.1
   Compiling async-process v2.5.0
   Compiling wayland-protocols v0.32.13
   Compiling zvariant v5.15.0
   Compiling hyper-util v0.1.20
   Compiling gethostname v1.1.0
   Compiling tower v0.5.3
   Compiling tokio-rustls v0.26.5
   Compiling png v0.18.1
   Compiling hyper-rustls v0.27.9
   Compiling tower-http v0.6.11
   Compiling zbus_names v4.3.4
   Compiling zbus v5.19.0
   Compiling image v0.25.10
   Compiling wayland-protocols-wlr v0.3.12
   Compiling wl-clipboard-rs v0.9.3
   Compiling x11rb v0.13.2
   Compiling xattr v1.6.1
   Compiling tokio-util v0.7.19
   Compiling reqwest v0.13.4
   Compiling arboard v3.6.1
   Compiling tar v0.4.46
   Compiling gdk-pixbuf v0.18.5
   Compiling pango v0.18.3
   Compiling soup3 v0.5.0
   Compiling tempfile v3.27.0
   Compiling gdk v0.18.2
   Compiling gtk v0.18.2
   Compiling gdkx11 v0.18.2
   Compiling webkit2gtk v2.0.2
   Compiling tao v0.35.3
   Compiling muda v0.19.3
   Compiling tauri-runtime v2.11.3
   Compiling wry v0.55.1
   Compiling tauri-runtime-wry v2.11.4
   Compiling tauri v2.11.5
   Compiling tauri-plugin-fs v2.5.2
   Compiling tauri-plugin-single-instance v2.4.4
   Compiling tauri-plugin-opener v2.5.5
   Compiling tauri-plugin-updater v2.11.0
   Compiling tauri-plugin-clipboard-manager v2.3.3
   Compiling tauri-plugin-dialog v2.7.3
    Finished `test` profile [unoptimized + debuginfo] target(s) in 1m 44s
     Running unittests src/main.rs (target/x86_64-unknown-linux-gnu/debug/deps/oxbit_desktop-3aef0286d2abf076)

running 8 tests
test environment::tests::skips_relative_search_directories ... ok
test model::tests::independent_settings_changes_merge ... ok
test model::tests::duplicate_focus_and_transfer_have_one_owner ... ok
test environment::tests::bounds_output_and_time ... ok
test supervisor::tests::valid_ready_and_graceful_shutdown_keep_credentials_private ... ok
test model::tests::canonical_aliases_share_identity_and_missing_projects_restore ... ok
test supervisor::tests::wrong_identity_malformed_frames_and_timeout_reap_child ... ok
test supervisor::tests::abrupt_exit_reports_failure_once_and_cleans_inherited_children ... ok

test result: ok. 8 passed; 0 failed; 0 ignored; 0 measured; 0 filtered out; finished in 2.31s

