
> oxbit@0.1.0 test /Users/ryanyannelli/Development/oxbit
> vitest run


 RUN  v3.2.7 /Users/ryanyannelli/Development/oxbit

 ✓ apps/runtime/tests/runtime.test.ts (9 tests) 1984ms
   ✓ authenticated runtime with real services > makes a real commit and deduplicates non-idempotent requests  399ms
   ✓ authenticated runtime with real services > uses a real TypeScript server for completion, diagnostics, navigation, rename and code actions  1218ms
 ✓ apps/runtime/tests/git-remote.test.ts (3 tests) 2137ms
   ✓ local Git remotes and recovery > clones, pushes and fetches against a real local bare remote  893ms
   ✓ local Git remotes and recovery > preserves a successful clone when simultaneous destination reservation fails  482ms
   ✓ local Git remotes and recovery > cleans failed or cancelled clones and preserves disk changes on checkout refusal  761ms
 ✓ apps/runtime/tests/lsp-edits.test.ts (1 test) 510ms
   ✓ server-initiated language workspace edits > waits for the initiating document client and propagates rejected edits  510ms
 ✓ packages/workbench/src/controller.test.ts (14 tests) 392ms
 ✓ packages/features/formatters/src/index.test.ts (2 tests) 292ms
 ✓ apps/runtime/tests/terminal-shell.test.ts (14 tests) 252ms
 ✓ apps/runtime/tests/streaming.test.ts (3 tests) 153ms
 ✓ packages/features/language/src/providers.test.ts (7 tests) 236ms
 ✓ packages/core/src/lifecycle.test.ts (10 tests) 129ms
 ✓ apps/runtime/tests/cli.test.ts (18 tests) 58ms
 ✓ packages/features/language/src/symbols.test.ts (4 tests) 74ms
 ✓ packages/features/search/src/service.test.ts (4 tests) 64ms
 ✓ packages/features/terminal/src/terminal.test.ts (1 test) 57ms
 ✓ apps/web/src/configuration.test.ts (6 tests) 61ms
 ✓ packages/documents/src/index.test.ts (12 tests) 39ms
 ✓ packages/core/src/index.test.ts (12 tests) 35ms
 ✓ packages/features/language/src/index.test.ts (8 tests) 22ms
 ✓ apps/runtime/tests/extensions.test.ts (3 tests) 34ms
 ✓ packages/features/themes/src/index.test.ts (20 tests) 24ms
 ✓ packages/host-runtime/src/index.test.ts (5 tests) 19ms
 ✓ packages/host-browser/src/index.test.ts (4 tests) 16ms
 ✓ packages/workbench/src/contributions.test.ts (3 tests) 14ms
 ✓ packages/workbench/src/shortcuts.test.ts (3 tests) 13ms
 ✓ packages/features/collaboration/src/collaboration.test.ts (2 tests) 14ms
 ✓ packages/features/language/src/hover.test.ts (3 tests) 11ms
 ✓ packages/host-browser/src/directory.test.ts (5 tests) 7ms
 ✓ packages/protocol/src/index.test.ts (2 tests) 10ms
 ✓ packages/features/editor/src/decorations.test.ts (2 tests) 4ms
 ✓ apps/runtime/tests/branding.test.ts (2 tests) 4ms
 ✓ packages/features/editor/src/view-state.test.ts (3 tests) 5ms
 ✓ packages/workbench/src/files.test.ts (3 tests) 4ms
 ✓ packages/features/previews/src/policy.test.ts (3 tests) 3ms
 ✓ packages/features/settings/src/scopes.test.ts (2 tests) 2ms
 ✓ packages/features/editor/src/languages.test.ts (1 test) 2ms
 ✓ packages/features/search/src/engine.test.ts (2 tests) 2ms
 ✓ packages/host-desktop/src/settings.test.ts (2 tests) 2ms
 ✓ packages/features/git/src/git.test.ts (2 tests) 2ms
 ✓ packages/features/tasks/src/tasks.test.ts (2 tests) 1ms

 Test Files  38 passed (38)
      Tests  202 passed (202)
   Start at  04:09:31
   Duration  8.05s (transform 624ms, setup 0ms, collect 2.39s, tests 6.69s, environment 4ms, prepare 1.74s)

