[WARN] The "pnpm" field in package.json is no longer read by pnpm. The following keys were ignored: "pnpm.onlyBuiltDependencies", "pnpm.overrides". See https://pnpm.io/settings for the new home of each setting.

> @oxbit/desktop@0.1.0 build /Users/ryanyannelli/Development/oxbit/apps/desktop
> vite build

vite v7.3.6 building client environment for production...
transforming...
✓ 446 modules transformed.
rendering chunks...
computing gzip size...
dist/index.html                              0.50 kB │ gzip:     0.31 kB
dist/assets/worker-CsXkqX-T.js               1.19 kB
dist/assets/format.worker-Bb1B2kHz.js        6.16 kB
dist/assets/typescript-HXNn4lJN.js       3,588.95 kB
dist/assets/index-CIL4rZrN.css              84.52 kB │ gzip:    14.91 kB
dist/assets/addon-image-BxricI7a.js         80.41 kB │ gzip:    25.12 kB
dist/assets/standalone-Cayz_KD-.js          81.46 kB │ gzip:    27.13 kB
dist/assets/postcss-BGfBeQpW.js            156.74 kB │ gzip:    44.90 kB
dist/assets/html-DwgzGnwN.js               160.11 kB │ gzip:    50.60 kB
dist/assets/addon-ligatures-BOzI2Oy0.js    172.54 kB │ gzip:    51.34 kB
dist/assets/estree-DFfjoHvx.js             211.14 kB │ gzip:    61.75 kB
dist/assets/addon-webgl-PbQqCq-D.js        251.80 kB │ gzip:    68.66 kB
dist/assets/markdown-Bd15IfY5.js           268.44 kB │ gzip:    91.74 kB
dist/assets/babel-BktJt1uC.js              318.08 kB │ gzip:    82.85 kB
dist/assets/typescript-cMir0TZb.js         462.30 kB │ gzip:   126.44 kB
dist/assets/index-CI9G8B6S.js            2,760.16 kB │ gzip:   778.02 kB
dist/assets/typescript-CfV9YXg0.js       3,588.37 kB │ gzip: 1,028.07 kB

(!) Some chunks are larger than 1800 kB after minification. Consider:
- Using dynamic import() to code-split the application
- Use build.rollupOptions.output.manualChunks to improve chunking: https://rollupjs.org/configuration-options/#output-manualchunks
- Adjust chunk size limit for this warning via build.chunkSizeWarningLimit.
✓ built in 22.57s
