[WARN] The "pnpm" field in package.json is no longer read by pnpm. The following keys were ignored: "pnpm.onlyBuiltDependencies", "pnpm.overrides". See https://pnpm.io/settings for the new home of each setting.

> oxbit@0.1.0 desktop:test:build /Users/ryanyannelli/Development/oxbit
> node scripts/desktop/run.mjs native-build

vite v7.3.6 building ssr environment for production...
transforming...
✓ 76 modules transformed.
rendering chunks...
dist-desktop/desktop.js  488.73 kB
✓ built in 296ms
file:///Users/ryanyannelli/Development/oxbit/scripts/desktop/prepare.mjs:120
        throw new Error(
              ^

Error: Dependency version collision: vscode-jsonrpc. Extend staging to preserve both versions.
    at copyDependency (file:///Users/ryanyannelli/Development/oxbit/scripts/desktop/prepare.mjs:120:15)
    at async copyDependency (file:///Users/ryanyannelli/Development/oxbit/scripts/desktop/prepare.mjs:141:7)
    at async file:///Users/ryanyannelli/Development/oxbit/scripts/desktop/prepare.mjs:150:38

Node.js v24.16.0
node:internal/errors:985
  const err = new Error(message);
              ^

Error: Command failed: /Users/ryanyannelli/.nvm/versions/node/v24.16.0/bin/node scripts/desktop/prepare.mjs
    at genericNodeError (node:internal/errors:985:15)
    at wrappedFn (node:internal/errors:539:14)
    at checkExecSyncError (node:child_process:925:11)
    at execFileSync (node:child_process:961:15)
    at run (file:///Users/ryanyannelli/Development/oxbit/scripts/desktop/run.mjs:5:3)
    at file:///Users/ryanyannelli/Development/oxbit/scripts/desktop/run.mjs:16:3
    at ModuleJob.run (node:internal/modules/esm/module_job:439:25)
    at async node:internal/modules/esm/loader:633:26
    at async asyncRunEntryPointWithESMLoader (node:internal/modules/run_main:101:5) {
  status: 1,
  signal: null,
  output: [ null, null, null ],
  pid: 3625,
  stdout: null,
  stderr: null
}

Node.js v24.16.0
 ELIFECYCLE  Command failed with exit code 1.
