[WARN] The "pnpm" field in package.json is no longer read by pnpm. The following keys were ignored: "pnpm.onlyBuiltDependencies", "pnpm.overrides". See https://pnpm.io/settings for the new home of each setting.

> oxbit@0.1.0 test:themes:browser /Users/ryanyannelli/Development/oxbit
> playwright test -c tests/browser/themes.config.ts "-g" "terminal ANSI"

[WebServer] (node:18916) Warning: The 'NO_COLOR' env is ignored due to the 'FORCE_COLOR' env being set.
[WebServer] (Use `node --trace-warnings ...` to show where the warning was created)
[WebServer] (node:18951) Warning: The 'NO_COLOR' env is ignored due to the 'FORCE_COLOR' env being set.
[WebServer] (Use `node --trace-warnings ...` to show where the warning was created)
[WebServer] The emitted file "assets/standalone-Cayz_KD-.js.map" overwrites a previously emitted file of the same name.
[WebServer] The emitted file "assets/estree-DFfjoHvx.js.map" overwrites a previously emitted file of the same name.
[WebServer] The emitted file "assets/postcss-BGfBeQpW.js.map" overwrites a previously emitted file of the same name.
[WebServer] The emitted file "assets/html-DwgzGnwN.js.map" overwrites a previously emitted file of the same name.
[WebServer] The emitted file "assets/markdown-Bd15IfY5.js.map" overwrites a previously emitted file of the same name.
[WebServer] The emitted file "assets/babel-BktJt1uC.js.map" overwrites a previously emitted file of the same name.
[WebServer] The emitted file "assets/typescript-cMir0TZb.js.map" overwrites a previously emitted file of the same name.
[WebServer] 
[WebServer] (!) Some chunks are larger than 1400 kB after minification. Consider:
[WebServer] - Using dynamic import() to code-split the application
[WebServer] - Use build.rollupOptions.output.manualChunks to improve chunking: https://rollupjs.org/configuration-options/#output-manualchunks
[WebServer] - Adjust chunk size limit for this warning via build.chunkSizeWarningLimit.
[WebServer] (node:19230) Warning: The 'NO_COLOR' env is ignored due to the 'FORCE_COLOR' env being set.
[WebServer] (Use `node --trace-warnings ...` to show where the warning was created)
[WebServer] (node:19236) Warning: The 'NO_COLOR' env is ignored due to the 'FORCE_COLOR' env being set.
[WebServer] (Use `node --trace-warnings ...` to show where the warning was created)
[WebServer] (node:19242) Warning: The 'NO_COLOR' env is ignored due to the 'FORCE_COLOR' env being set.
[WebServer] (Use `node --trace-warnings ...` to show where the warning was created)
[WebServer] (node:19244) Warning: The 'NO_COLOR' env is ignored due to the 'FORCE_COLOR' env being set.
[WebServer] (Use `node --trace-warnings ...` to show where the warning was created)

Running 1 test using 1 worker

(node:19246) Warning: The 'NO_COLOR' env is ignored due to the 'FORCE_COLOR' env being set.
(Use `node --trace-warnings ...` to show where the warning was created)
  ✓  1 tests/browser/themes.spec.ts:354:1 › terminal ANSI, selection and typography update without losing history (2.0s)

  1 passed (49.8s)
