
> oxbit@0.1.0 desktop:test:native /Users/ryanyannelli/Development/oxbit-remote-ssh
> wdio run tests/desktop/wdio.conf.mjs


Execution of 1 workers started at 2026-09-08T05:17:58.184Z

[0-0] RUNNING in undefined - file:///tests/desktop/workbench.e2e.mjs
[0-0] Error in "Oxbit native workbench.preserves a dirty draft when an external disk edit causes a conflict"
Error: waitUntil condition timed out after 30000ms
    at async Context.<anonymous> (/Users/ryanyannelli/Development/oxbit-remote-ssh/tests/desktop/workbench.e2e.mjs:283:5)
[0-0] FAILED in undefined - file:///tests/desktop/workbench.e2e.mjs

 "spec" Reporter:
------------------------------------------------------------------
[webkit 605.1.15 macos #0-0] Running: webkit (v605.1.15) on macos
[webkit 605.1.15 macos #0-0] Session ID: 3a4da997-462f-4755-bcf6-d9bf06958d14
[webkit 605.1.15 macos #0-0]
[webkit 605.1.15 macos #0-0] » tests/desktop/workbench.e2e.mjs
[webkit 605.1.15 macos #0-0] Oxbit native workbench
[webkit 605.1.15 macos #0-0]    ✓ opens a real folder in a local WebView without trusting its tools
[webkit 605.1.15 macos #0-0]    ✓ retains dirty documents across project switches and duplicate opens
[webkit 605.1.15 macos #0-0]    ✓ cancels a close without losing drafts, and saves through the close flow
[webkit 605.1.15 macos #0-0]    ✓ routes a nested file into its existing project and consumes the open event once
[webkit 605.1.15 macos #0-0]    ✓ discards a project draft only after acceptance and does not recover it on reopen
[webkit 605.1.15 macos #0-0]    ✓ runs a real PTY and search only after explicit trust and uses native clipboard
[webkit 605.1.15 macos #0-0]    ✓ completes TypeScript, cancels a real task, and stages a Git file in the native host
[webkit 605.1.15 macos #0-0]    ✖ preserves a dirty draft when an external disk edit causes a conflict
[webkit 605.1.15 macos #0-0]    ✓ loads an SDK extension through the application protocol and cleans its contributions
[webkit 605.1.15 macos #0-0]    ✓ restarts a crashed runtime with the same drafts and ended tools
[webkit 605.1.15 macos #0-0]    ✓ honors new-window settings, shared settings, and duplicate-project focusing
[webkit 605.1.15 macos #0-0]    ✓ moves a project with its dirty draft and running runtime, then denies its old window
[webkit 605.1.15 macos #0-0]    ✓ ignores a delayed prepare result after another window cancels quit
[webkit 605.1.15 macos #0-0]    ✓ cancels application quit across windows without discarding their drafts
[webkit 605.1.15 macos #0-0]
[webkit 605.1.15 macos #0-0] 13 passing (48.9s)
[webkit 605.1.15 macos #0-0] 1 failing
[webkit 605.1.15 macos #0-0]
[webkit 605.1.15 macos #0-0] 1) Oxbit native workbench preserves a dirty draft when an external disk edit causes a conflict
[webkit 605.1.15 macos #0-0] waitUntil condition timed out after 30000ms
[webkit 605.1.15 macos #0-0] Error: waitUntil condition timed out after 30000ms
[webkit 605.1.15 macos #0-0]     at async Context.<anonymous> (/Users/ryanyannelli/Development/oxbit-remote-ssh/tests/desktop/workbench.e2e.mjs:283:5)


Spec Files:	 0 passed, 1 failed, 1 total (100% completed) in 00:00:49  

 ELIFECYCLE  Command failed with exit code 1.
