
> oxbit@0.1.0 remote:test /Users/ryanyannelli/Development/oxbit-remote-ssh
> tsx scripts/remote/smoke.ts

Building an isolated SSH host (no Node or npm)…
#0 building with "desktop-linux" instance using docker driver

#1 [internal] load build definition from sshd.Dockerfile
#1 transferring dockerfile: 546B done
#1 DONE 0.0s

#2 [internal] load metadata for docker.io/library/debian:bookworm-slim
#2 DONE 0.4s

#3 [internal] load .dockerignore
#3 transferring context: 2B done
#3 DONE 0.0s

#4 [1/2] FROM docker.io/library/debian:bookworm-slim@sha256:88200866dfff7ea7f5cbcb6ec7c8a701889efe6fe859fe64d6990e4b07ea4171
#4 DONE 0.0s

#5 [2/2] RUN apt-get update && apt-get install -y --no-install-recommends openssh-server git procps iproute2 && rm -rf /var/lib/apt/lists/*     && mkdir -p /run/sshd /root/.ssh /root/project && chmod 700 /root/.ssh     && ssh-keygen -A && git init /root/project     && printf 'export const message = "hello";\n' > /root/project/hello.ts
#5 CACHED

#6 exporting to image
#6 exporting layers done
#6 writing image sha256:d880b73645a2b13bb651b242f2c31167a33a008edd5f856f182cda921fa9aa45 done
#6 naming to docker.io/library/oxbit-ssh-test:local done
#6 DONE 0.0s

View build details: docker-desktop://dashboard/build/desktop-linux/desktop-linux/vp6ti9ul48fyav4rtth7svrin
Connecting over SSH…
Installing the remote runtime…
Starting the remote workspace…
Connected over SSH
Connecting over SSH…
Starting the remote workspace…
Connecting over SSH…
Starting the remote workspace…
Connected over SSH
{
  "result": "passed",
  "checks": [
    "SSH-only target, no Node/npm, no outbound network",
    "automatic verified installation, remote file target, authenticated tunnel, trust gate, concurrent owner rejection",
    "remote read/write, optimistic save conflicts, path boundary, bundled ripgrep search",
    "remote configured service, automatic task port tunnel, HTTP link, assigned variables and force stop",
    "remote Git, real PTY and resize, bundled TypeScript completion, remote PID isolation",
    "token rotation and stale credential rejection, shutdown reaps remote runtime and tools",
    "cached offline reconnect, persisted files and trust, no stale terminals",
    "SSH transport loss detected and remote processes reaped"
  ]
}
