
> oxbit@0.1.0 test /Users/ryanyannelli/Development/oxbit-remote-ssh
> vitest run


 RUN  v3.2.7 /Users/ryanyannelli/Development/oxbit-remote-ssh

 ✓ apps/runtime/tests/runtime.test.ts (10 tests) 1976ms
   ✓ authenticated runtime with real services > makes a real commit and deduplicates non-idempotent requests  383ms
   ✓ authenticated runtime with real services > uses a real TypeScript server for completion, diagnostics, navigation, rename and code actions  1154ms
 ✓ apps/runtime/tests/task-runner.test.ts (15 tests) 3223ms
   ✓ supervised task execution > keeps SSH link mappings separate for services using the same port on different hosts  432ms
   ✓ supervised task execution > bounds automatic restarts and fails a service that never becomes ready  689ms
   ✓ supervised task execution > marks a live service unhealthy and recovers when its HTTP check recovers  321ms
   ✓ supervised task execution > waits for an existing unhealthy service to recover before launching a dependent  437ms
   ✓ supervised task execution > cancels pending dependencies without launching the parent later  522ms
 ✓ apps/runtime/tests/git-remote.test.ts (3 tests) 1827ms
   ✓ local Git remotes and recovery > clones, pushes and fetches against a real local bare remote  736ms
   ✓ local Git remotes and recovery > preserves a successful clone when simultaneous destination reservation fails  391ms
   ✓ local Git remotes and recovery > cleans failed or cancelled clones and preserves disk changes on checkout refusal  699ms
 ✓ apps/runtime/tests/task-worktrees.test.ts (5 tests) 1692ms
   ✓ managed worktree lifecycle > runs all four phases in order with source, target and staging variables  360ms
   ✓ managed worktree lifecycle > preserves failed initialization for inspection and permits a deliberate retry  311ms
   ✓ managed worktree lifecycle > refuses dirty worktree removal and keeps the directory when preteardown fails  369ms
   ✓ managed worktree lifecycle > retains staging after failed post-removal teardown and retries without rerunning preteardown  339ms
   ✓ managed worktree lifecycle > recovers interrupted worktree initialization without rerunning hooks automatically  313ms
 ✓ apps/runtime/tests/ssh.test.ts (6 tests) 1180ms
   ✓ SSH workspace boundary > rejects corrupted installs before extraction and reuses a completed version  1165ms
 ✓ apps/runtime/tests/lsp-protocol.test.ts (13 tests) 577ms
 ✓ apps/runtime/tests/lsp-edits.test.ts (1 test) 554ms
   ✓ server-initiated language workspace edits > waits for the initiating document client and propagates rejected edits  553ms
 ✓ packages/themes/src/index.test.ts (27 tests) 458ms
   ✓ theme contract > keeps generated schema, types and standalone validator reproducible  365ms
 ✓ packages/workbench/src/controller.test.ts (14 tests) 393ms
 ✓ apps/runtime/tests/terminal-shell.test.ts (14 tests) 240ms
 ✓ packages/features/formatters/src/index.test.ts (2 tests) 336ms
   ✓ formatter providers > runs independently registered Prettier and TypeScript implementations  334ms
 ✓ packages/features/language/src/providers.test.ts (9 tests) 274ms
 ✓ packages/icon-themes/src/store.test.ts (12 tests) 230ms
 ✓ packages/icon-themes/src/import.test.ts (31 tests) 209ms
 ✓ apps/runtime/tests/task-config.test.ts (14 tests) 171ms
 ✓ apps/runtime/tests/lsp-manager.test.ts (8 tests) 157ms
 ✓ apps/runtime/tests/streaming.test.ts (3 tests) 158ms
 ✓ packages/core/src/lifecycle.test.ts (10 tests) 122ms
 ✓ packages/features/language/src/symbols.test.ts (4 tests) 93ms
 ✓ packages/features/search/src/service.test.ts (4 tests) 63ms
 ✓ apps/web/src/configuration.test.ts (6 tests) 57ms
 ✓ packages/features/terminal/src/terminal.test.ts (1 test) 57ms
 ✓ apps/runtime/tests/cli.test.ts (18 tests) 46ms
 ✓ packages/features/language/src/index.test.ts (8 tests) 41ms
 ✓ packages/documents/src/index.test.ts (12 tests) 41ms
 ✓ packages/core/src/index.test.ts (12 tests) 30ms
 ✓ packages/features/themes/src/index.test.ts (20 tests) 35ms
 ✓ apps/runtime/tests/extensions.test.ts (3 tests) 21ms
 ✓ packages/features/editor/src/syntax.test.ts (13 tests) 20ms
 ✓ packages/host-runtime/src/index.test.ts (5 tests) 20ms
 ✓ packages/workbench/src/contributions.test.ts (3 tests) 17ms
 ✓ apps/runtime/tests/external-sources.test.ts (2 tests) 15ms
 ✓ packages/features/themes/src/behavior.test.ts (4 tests) 15ms
 ✓ packages/host-browser/src/index.test.ts (4 tests) 15ms
 ✓ packages/features/language/src/overlays.test.ts (11 tests) 8ms
 ✓ packages/features/collaboration/src/collaboration.test.ts (2 tests) 11ms
 ✓ packages/workbench/src/shortcuts.test.ts (3 tests) 11ms
 ✓ packages/features/language/src/hover.test.ts (3 tests) 12ms
 ✓ packages/host-browser/src/directory.test.ts (5 tests) 7ms
 ✓ packages/features/language/src/local.test.ts (6 tests) 7ms
 ✓ packages/protocol/src/index.test.ts (2 tests) 10ms
 ✓ packages/features/language/src/completion.test.ts (6 tests) 6ms
 ✓ packages/ui/src/product-icons.test.ts (4 tests) 8ms
 ✓ packages/sdk/src/languages.test.ts (51 tests) 8ms
 ✓ packages/features/editor/src/view-state.test.ts (3 tests) 3ms
 ✓ packages/workbench/src/files.test.ts (3 tests) 3ms
 ✓ packages/features/editor/src/decorations.test.ts (2 tests) 5ms
 ✓ packages/features/editor/src/languages.test.ts (1 test) 4ms
 ✓ packages/features/search/src/engine.test.ts (2 tests) 2ms
 ✓ packages/features/settings/src/scopes.test.ts (3 tests) 4ms
 ✓ packages/features/previews/src/policy.test.ts (3 tests) 5ms
 ✓ packages/sdk/src/lsp-glob.test.ts (13 tests) 4ms
 ✓ apps/runtime/tests/branding.test.ts (2 tests) 3ms
 ✓ packages/host-desktop/src/settings.test.ts (2 tests) 2ms
 ✓ packages/icon-themes/src/resolver.test.ts (10 tests) 2ms
 ✓ packages/features/git/src/git.test.ts (2 tests) 2ms
 ✓ packages/features/tasks/src/tasks.test.ts (3 tests) 2ms

 Test Files  57 passed (57)
      Tests  458 passed (458)
   Start at  01:18:54
   Duration  14.31s (transform 1.05s, setup 0ms, collect 4.44s, tests 14.49s, environment 6ms, prepare 2.54s)

