
> zapp@0.1.0 build /home/ubuntu/.paseo/worktrees/2fg5jw20/jittery-lizard
> tsc -b && pnpm --filter @zapp/runtime build && pnpm build:example && pnpm --filter @zapp/web build


> @zapp/runtime@1.0.0 build /home/ubuntu/.paseo/worktrees/2fg5jw20/jittery-lizard/apps/runtime
> vite build

vite v7.3.6 building ssr environment for production...
transforming...
✓ 60 modules transformed.
rendering chunks...
dist/index.js  189.21 kB │ map: 366.89 kB
✓ built in 272ms

> zapp@0.1.0 build:example /home/ubuntu/.paseo/worktrees/2fg5jw20/jittery-lizard
> pnpm build:sdk && pnpm --filter @zapp/bundle-inspector exec vite build && node scripts/copy-example.mjs


> zapp@0.1.0 build:sdk /home/ubuntu/.paseo/worktrees/2fg5jw20/jittery-lizard
> node scripts/build-sdk.mjs

vite v7.3.6 building client environment for production...
transforming...
✓ 1 modules transformed.
rendering chunks...
computing gzip size...
dist/bundle-inspector.js  11.24 kB │ gzip: 3.59 kB │ map: 25.15 kB
✓ built in 54ms

> @zapp/web@1.0.0 build /home/ubuntu/.paseo/worktrees/2fg5jw20/jittery-lizard/apps/web
> vite build

vite v7.3.6 building client environment for production...
transforming...
✓ 290 modules transformed.
rendering chunks...
The emitted file "assets/standalone-Cayz_KD-.js.map" overwrites a previously emitted file of the same name.
The emitted file "assets/html-DwgzGnwN.js.map" overwrites a previously emitted file of the same name.
The emitted file "assets/postcss-BGfBeQpW.js.map" overwrites a previously emitted file of the same name.
The emitted file "assets/babel-BktJt1uC.js.map" overwrites a previously emitted file of the same name.
The emitted file "assets/estree-DFfjoHvx.js.map" overwrites a previously emitted file of the same name.
The emitted file "assets/markdown-Bd15IfY5.js.map" overwrites a previously emitted file of the same name.
The emitted file "assets/typescript-cMir0TZb.js.map" overwrites a previously emitted file of the same name.
computing gzip size...
dist/index.html                              0.57 kB │ gzip:     0.36 kB
dist/assets/worker-CsXkqX-T.js               1.24 kB
dist/assets/format.worker-DHgxL0j0.js        2.28 kB
dist/assets/typescript-HXNn4lJN.js       3,589.00 kB
dist/assets/index-D0hw-d05.css              38.54 kB │ gzip:     8.69 kB
dist/assets/addon-image-BxricI7a.js         80.46 kB │ gzip:    25.16 kB │ map:    155.35 kB
dist/assets/standalone-Cayz_KD-.js          81.51 kB │ gzip:    27.17 kB │ map:    181.64 kB
dist/assets/postcss-BGfBeQpW.js            156.78 kB │ gzip:    44.93 kB │ map:    382.48 kB
dist/assets/html-DwgzGnwN.js               160.16 kB │ gzip:    50.63 kB │ map:    334.25 kB
dist/assets/addon-ligatures-BOzI2Oy0.js    172.59 kB │ gzip:    51.38 kB │ map:    410.00 kB
dist/assets/estree-DFfjoHvx.js             211.19 kB │ gzip:    61.79 kB │ map:    461.47 kB
dist/assets/addon-webgl-PbQqCq-D.js        251.85 kB │ gzip:    68.70 kB │ map:    393.71 kB
dist/assets/markdown-Bd15IfY5.js           268.49 kB │ gzip:    91.78 kB │ map:    659.12 kB
dist/assets/babel-BktJt1uC.js              318.12 kB │ gzip:    82.88 kB │ map:    623.12 kB
dist/assets/typescript-cMir0TZb.js         462.35 kB │ gzip:   126.47 kB │ map:  1,470.35 kB
dist/assets/index-Dm0T6Mps.js            1,780.51 kB │ gzip:   560.02 kB │ map:  6,146.84 kB
dist/assets/typescript-BN4GAe_Y.js       3,588.42 kB │ gzip: 1,028.11 kB │ map: 14,272.93 kB

(!) Some chunks are larger than 1400 kB after minification. Consider:
- Using dynamic import() to code-split the application
- Use build.rollupOptions.output.manualChunks to improve chunking: https://rollupjs.org/configuration-options/#output-manualchunks
- Adjust chunk size limit for this warning via build.chunkSizeWarningLimit.
✓ built in 22.08s
