
> zapp@0.1.0 test:browser /home/ubuntu/.paseo/worktrees/2fg5jw20/jittery-lizard
> playwright test

[WebServer] (node:156060) Warning: The 'NO_COLOR' env is ignored due to the 'FORCE_COLOR' env being set.
[WebServer] (Use `node --trace-warnings ...` to show where the warning was created)
[WebServer] (node:156084) Warning: The 'NO_COLOR' env is ignored due to the 'FORCE_COLOR' env being set.
[WebServer] (Use `node --trace-warnings ...` to show where the warning was created)

Running 19 tests using 1 worker

(node:156236) Warning: The 'NO_COLOR' env is ignored due to the 'FORCE_COLOR' env being set.
(Use `node --trace-warnings ...` to show where the warning was created)
  ✓   1 tests/browser/acceptance.spec.ts:44:1 › browser workspace edits, saves, splits and recovers Unicode drafts and view state (824ms)
  ✓   2 tests/browser/acceptance.spec.ts:77:1 › localized settings persist and fit the phone viewport (558ms)
  ✓   3 tests/browser/acceptance.spec.ts:105:1 › runtime filesystem, revision checked save, refresh and failed save recovery (661ms)
  ✓   4 tests/browser/acceptance.spec.ts:169:1 › real language responses, diagnostics, rename edits and supported code action (1.7s)
  ✓   5 tests/browser/acceptance.spec.ts:241:1 › workspace search previews replacements against unsaved versions (547ms)
  ✓   6 tests/browser/acceptance.spec.ts:269:1 › real terminal, resize, task status and cancellation (762ms)
  ✓   7 tests/browser/acceptance.spec.ts:332:1 › stage and commit actual Git changes without repeating a request (526ms)
  ✓   8 tests/browser/acceptance.spec.ts:366:1 › two independent browsers converge concurrent offline edits and keep per-user undo (1.2s)
  ✓   9 tests/browser/acceptance.spec.ts:416:1 › external SDK extension lifecycle removes contributions and survives failed activation (869ms)
  ✓  10 tests/browser/acceptance.spec.ts:488:1 › both themes render at all four reference viewports with visual comparison artifacts (4.6s)
  ✓  11 tests/browser/acceptance.spec.ts:571:1 › Unicode, synthetic composition, multiple cursors and local paint latency (3.8s)
  ✓  12 tests/browser/acceptance.spec.ts:659:1 › sustained editing and repeated switching keep document and extension state (2.0m)
  ✓  13 tests/browser/acceptance.spec.ts:698:1 › runtime process loss preserves browser drafts and reports lost PTYs (2.5s)
  ✓  14 tests/browser/acceptance.spec.ts:772:1 › replacement preview groups files and keeps deselected files available (838ms)
  ✓  15 tests/browser/acceptance.spec.ts:819:1 › formatter workers obey language scope and Markdown preview opens beside its source (828ms)
  ✘  16 tests/browser/acceptance.spec.ts:869:1 › native browser directory handles retain identity, encoded saves and drafts after refresh (816ms)
(node:184213) Warning: The 'NO_COLOR' env is ignored due to the 'FORCE_COLOR' env being set.
(Use `node --trace-warnings ...` to show where the warning was created)
  ✓  17 tests/browser/acceptance.spec.ts:918:1 › browser IME composition commits and cancels without duplicate text (490ms)
  ✓  18 tests/browser/acceptance.spec.ts:955:1 › phone touch navigation and reduced motion preserve focus and layout (531ms)
  ✓  19 tests/browser/acceptance.spec.ts:995:1 › a contributed filesystem opens through the workspace UI and survives provider teardown (685ms)


  1) tests/browser/acceptance.spec.ts:869:1 › native browser directory handles retain identity, encoded saves and drafts after refresh 

    Error: Object with guid response@c5c31d0e00a7259a9698acf2b55eacff was not bound in the connection

    Error Context: test-results/acceptance-native-browser--6e83f-es-and-drafts-after-refresh/error-context.md

    attachment #2: trace (application/zip) ─────────────────────────────────────────────────────────
    test-results/acceptance-native-browser--6e83f-es-and-drafts-after-refresh/trace.zip
    Usage:

        pnpm exec playwright show-trace test-results/acceptance-native-browser--6e83f-es-and-drafts-after-refresh/trace.zip

    ────────────────────────────────────────────────────────────────────────────────────────────────

  1 failed
    tests/browser/acceptance.spec.ts:869:1 › native browser directory handles retain identity, encoded saves and drafts after refresh 
  18 passed (2.4m)
 ELIFECYCLE  Command failed with exit code 1.
