../../../apps/web/src/configuration.test.ts 62ms
../../../apps/web/src/configuration.ts 32ms
../../../apps/web/src/main.tsx 71ms
../search/src/engine.test.ts 2ms (unchanged)
../search/src/engine.ts 6ms (unchanged)
../search/src/index.ts 15ms
../search/src/service.test.ts 8ms
../search/src/service.ts 10ms
../search/src/worker.ts 2ms
../../../tests/browser/acceptance.spec.ts 51ms
../../../scripts/build-sdk.mjs 12ms
../../../scripts/workspace.mjs 8ms
../../../apps/web/src/configuration.test.ts 65ms (unchanged)
../../../apps/web/src/configuration.ts 36ms (unchanged)
../../../apps/web/src/main.tsx 64ms
../../workbench/src/controller.test.ts 15ms
../../workbench/src/controller.ts 52ms
../language/src/index.test.ts 16ms (unchanged)
../language/src/index.ts 80ms
../language/src/providers.test.ts 20ms
../language/src/providers.ts 13ms
../../core/src/index.test.ts 12ms
../../core/src/index.ts 43ms
../../core/src/lifecycle.test.ts 12ms
../../sdk/src/index.ts 13ms
../../documents/src/index.test.ts 16ms
../../documents/src/index.ts 28ms
../../host-browser/src/directory.test.ts 10ms
../../host-browser/src/index.test.ts 5ms (unchanged)
../../host-browser/src/index.ts 46ms
src/format.worker.ts 2ms
src/index.test.ts 3ms
src/index.ts 6ms
src/prettier.ts 3ms
src/provider.ts 4ms
src/typescript.ts 2ms
../../../tests/browser/acceptance.spec.ts 49ms (unchanged)
