[WebServer] (node:204868) Warning: The 'NO_COLOR' env is ignored due to the 'FORCE_COLOR' env being set.
[WebServer] (Use `node --trace-warnings ...` to show where the warning was created)
[WebServer] (node:204945) Warning: The 'NO_COLOR' env is ignored due to the 'FORCE_COLOR' env being set.
[WebServer] (Use `node --trace-warnings ...` to show where the warning was created)

Running 1 test using 1 worker

(node:204958) Warning: The 'NO_COLOR' env is ignored due to the 'FORCE_COLOR' env being set.
(Use `node --trace-warnings ...` to show where the warning was created)
  ✘  1 tests/browser/acceptance.spec.ts:869:1 › native browser directory handles retain identity, encoded saves and drafts after refresh (899ms)


  1) tests/browser/acceptance.spec.ts:869:1 › native browser directory handles retain identity, encoded saves and drafts after refresh 

    Error: page.waitForFunction: Target page, context or browser has been closed

      909 |   await refreshed;
      910 |   expect(confirmedReload).toBe(true);
    > 911 |   await page.waitForFunction(() => (window as any).__zapp?.ready);
          |              ^
      912 |   expect(await page.evaluate(() => (window as any).__zapp.filesystem.id)).toBe(
      913 |     id,
      914 |   );
        at /home/ubuntu/.paseo/worktrees/2fg5jw20/jittery-lizard/tests/browser/acceptance.spec.ts:911:14

    Error Context: test-results/acceptance-native-browser--6e83f-es-and-drafts-after-refresh/error-context.md

    attachment #2: trace (application/zip) ─────────────────────────────────────────────────────────
    test-results/acceptance-native-browser--6e83f-es-and-drafts-after-refresh/trace.zip
    Usage:

        pnpm exec playwright show-trace test-results/acceptance-native-browser--6e83f-es-and-drafts-after-refresh/trace.zip

    ────────────────────────────────────────────────────────────────────────────────────────────────

  1 failed
    tests/browser/acceptance.spec.ts:869:1 › native browser directory handles retain identity, encoded saves and drafts after refresh 
