pnpm typecheck && pnpm test && pnpm build && pnpm test:browser

 RUN  v3.2.7 /home/ubuntu/.paseo/worktrees/2fg5jw20/jittery-lizard

 ✓ packages/documents/src/index.test.ts (12 tests) 41ms
 ✓ packages/features/language/src/providers.test.ts (6 tests) 228ms
 ✓ packages/features/language/src/index.test.ts (7 tests) 21ms
 ✓ packages/core/src/index.test.ts (10 tests) 25ms
 ✓ packages/core/src/lifecycle.test.ts (10 tests) 120ms
 ✓ apps/runtime/tests/runtime.test.ts (9 tests) 1366ms
   ✓ authenticated runtime with real services > uses a real TypeScript server for completion, diagnostics, navigation, rename and code actions  920ms
 ✓ packages/workbench/src/controller.test.ts (8 tests) 75ms
 ✓ packages/host-browser/src/directory.test.ts (5 tests) 7ms
 ✓ apps/web/src/configuration.test.ts (5 tests) 57ms
 ✓ apps/runtime/tests/extensions.test.ts (3 tests) 26ms
 ✓ apps/runtime/tests/git-remote.test.ts (3 tests) 296ms
 ✓ packages/features/search/src/service.test.ts (4 tests) 62ms
 ✓ packages/host-runtime/src/index.test.ts (3 tests) 15ms
 ✓ packages/host-browser/src/index.test.ts (4 tests) 12ms
 ❯ packages/features/collaboration/src/collaboration.test.ts (2 tests | 1 failed) 13ms
   × shared document lifecycle > uploads recovered unsaved text and leaves closed rooms 9ms
     → Save or discard changes before closing: file.ts
   ✓ shared document lifecycle > preserves local edits while the synchronization feature is disabled 3ms
 ✓ packages/features/formatters/src/index.test.ts (2 tests) 269ms
 ✓ packages/workbench/src/shortcuts.test.ts (3 tests) 9ms
 ❯ packages/workbench/src/contributions.test.ts (3 tests | 1 failed) 13ms
   ✓ contribution surfaces > routes matching custom documents and ignores failing matchers 7ms
   × contribution surfaces > limits context menu contributions per extension without dropping other owners 5ms
     → expected [] to deeply equal [ 'a0', 'a1', 'a2', 'b' ]
   ✓ contribution surfaces > applies only CSS variables from the selected theme 0ms
 ✓ apps/runtime/tests/streaming.test.ts (3 tests) 91ms
 ✓ apps/runtime/tests/lsp-edits.test.ts (1 test) 504ms
   ✓ server-initiated language workspace edits > waits for the initiating document client and propagates rejected edits  504ms
 ✓ packages/features/editor/src/view-state.test.ts (3 tests) 3ms
 ✓ packages/features/previews/src/policy.test.ts (3 tests) 3ms
 ✓ packages/protocol/src/index.test.ts (2 tests) 7ms
 ✓ packages/features/search/src/engine.test.ts (2 tests) 3ms
 ✓ packages/features/git/src/git.test.ts (2 tests) 2ms
 ✓ packages/features/tasks/src/tasks.test.ts (2 tests) 1ms

⎯⎯⎯⎯⎯⎯ Failed Suites 4 ⎯⎯⎯⎯⎯⎯⎯

 FAIL  packages/features/editor/src/decorations.test.ts [ packages/features/editor/src/decorations.test.ts ]
Error: Cannot find package '@zapp/core' imported from '/home/ubuntu/.paseo/worktrees/2fg5jw20/jittery-lizard/packages/features/editor/src/decorations.test.ts'
 ❯ packages/features/editor/src/decorations.test.ts:2:1
      1| import { afterEach, describe, expect, it, vi } from "vitest";
      2| import { createKernel } from "@zapp/core";
       | ^
      3| import { EditorState } from "@codemirror/state";
      4| import { contributedDecorations } from "./decorations.js";

Caused by: Error: Failed to load url @zapp/core (resolved id: @zapp/core) in /home/ubuntu/.paseo/worktrees/2fg5jw20/jittery-lizard/packages/features/settings/src/scopes.test.ts. Does the file exist?
 ❯ loadAndTransform node_modules/.pnpm/vite@7.3.6_@types+node@24.13.3_lightningcss@1.30.1_tsx@4.23.13/node_modules/vite/dist/node/chunks/config.js:22739:33

⎯⎯⎯⎯⎯⎯⎯⎯⎯⎯⎯⎯⎯⎯⎯⎯⎯⎯⎯⎯⎯⎯⎯⎯[1/6]⎯

 FAIL  packages/features/editor/src/languages.test.ts [ packages/features/editor/src/languages.test.ts ]
Error: Cannot find package '@zapp/core' imported from '/home/ubuntu/.paseo/worktrees/2fg5jw20/jittery-lizard/packages/features/editor/src/languages.test.ts'
 ❯ packages/features/editor/src/languages.test.ts:2:1
      1| import { afterEach, describe, expect, it } from "vitest";
      2| import { createKernel } from "@zapp/core";
       | ^
      3| import { contributedLanguage, editorLanguageId } from "./languages.js";
      4| const kernels: ReturnType<typeof createKernel>[] = [];

Caused by: Error: Failed to load url @zapp/core (resolved id: @zapp/core) in /home/ubuntu/.paseo/worktrees/2fg5jw20/jittery-lizard/packages/features/settings/src/scopes.test.ts. Does the file exist?
 ❯ loadAndTransform node_modules/.pnpm/vite@7.3.6_@types+node@24.13.3_lightningcss@1.30.1_tsx@4.23.13/node_modules/vite/dist/node/chunks/config.js:22739:33

⎯⎯⎯⎯⎯⎯⎯⎯⎯⎯⎯⎯⎯⎯⎯⎯⎯⎯⎯⎯⎯⎯⎯⎯[2/6]⎯

 FAIL  packages/features/settings/src/scopes.test.ts [ packages/features/settings/src/scopes.test.ts ]
Error: Cannot find package '@zapp/core' imported from '/home/ubuntu/.paseo/worktrees/2fg5jw20/jittery-lizard/packages/features/settings/src/scopes.test.ts'
 ❯ packages/features/settings/src/scopes.test.ts:2:1
      1| import { afterEach, describe, expect, it } from "vitest";
      2| import { createKernel } from "@zapp/core";
       | ^
      3| import { scopedSetting } from "./scopes.js";
      4| const kernels: ReturnType<typeof createKernel>[] = [];

Caused by: Error: Failed to load url @zapp/core (resolved id: @zapp/core) in /home/ubuntu/.paseo/worktrees/2fg5jw20/jittery-lizard/packages/features/settings/src/scopes.test.ts. Does the file exist?
 ❯ loadAndTransform node_modules/.pnpm/vite@7.3.6_@types+node@24.13.3_lightningcss@1.30.1_tsx@4.23.13/node_modules/vite/dist/node/chunks/config.js:22739:33

⎯⎯⎯⎯⎯⎯⎯⎯⎯⎯⎯⎯⎯⎯⎯⎯⎯⎯⎯⎯⎯⎯⎯⎯[3/6]⎯

 FAIL  packages/features/terminal/src/terminal.test.ts [ packages/features/terminal/src/terminal.test.ts ]
Error: Failed to resolve entry for package "@xterm/addon-ligatures". The package may have incorrect main/module/exports specified in its package.json.
  Plugin: vite:import-analysis
  File: /home/ubuntu/.paseo/worktrees/2fg5jw20/jittery-lizard/packages/features/terminal/src/index.ts:234:18
  192 |        }).catch(() => {
  193 |        });
  194 |        void import("@xterm/addon-ligatures").then(({ LigaturesAddon }) => {
      |                    ^
  195 |          if (mounted) terminal.loadAddon(new LigaturesAddon());
  196 |        }).catch(() => {
 ❯ packageEntryFailure node_modules/.pnpm/vite@7.3.6_@types+node@24.13.3_lightningcss@1.30.1_tsx@4.23.13/node_modules/vite/dist/node/chunks/config.js:32896:32
 ❯ resolvePackageEntry node_modules/.pnpm/vite@7.3.6_@types+node@24.13.3_lightningcss@1.30.1_tsx@4.23.13/node_modules/vite/dist/node/chunks/config.js:32893:2
 ❯ tryNodeResolve node_modules/.pnpm/vite@7.3.6_@types+node@24.13.3_lightningcss@1.30.1_tsx@4.23.13/node_modules/vite/dist/node/chunks/config.js:32796:70
 ❯ ResolveIdContext.handler node_modules/.pnpm/vite@7.3.6_@types+node@24.13.3_lightningcss@1.30.1_tsx@4.23.13/node_modules/vite/dist/node/chunks/config.js:32635:16
 ❯ EnvironmentPluginContainer.resolveId node_modules/.pnpm/vite@7.3.6_@types+node@24.13.3_lightningcss@1.30.1_tsx@4.23.13/node_modules/vite/dist/node/chunks/config.js:28797:56
 ❯ TransformPluginContext.resolve node_modules/.pnpm/vite@7.3.6_@types+node@24.13.3_lightningcss@1.30.1_tsx@4.23.13/node_modules/vite/dist/node/chunks/config.js:29009:13
 ❯ normalizeUrl node_modules/.pnpm/vite@7.3.6_@types+node@24.13.3_lightningcss@1.30.1_tsx@4.23.13/node_modules/vite/dist/node/chunks/config.js:27191:22
 ❯ node_modules/.pnpm/vite@7.3.6_@types+node@24.13.3_lightningcss@1.30.1_tsx@4.23.13/node_modules/vite/dist/node/chunks/config.js:27257:32

⎯⎯⎯⎯⎯⎯⎯⎯⎯⎯⎯⎯⎯⎯⎯⎯⎯⎯⎯⎯⎯⎯⎯⎯[4/6]⎯


⎯⎯⎯⎯⎯⎯⎯ Failed Tests 2 ⎯⎯⎯⎯⎯⎯⎯

 FAIL  packages/workbench/src/contributions.test.ts > contribution surfaces > limits context menu contributions per extension without dropping other owners
AssertionError: expected [] to deeply equal [ 'a0', 'a1', 'a2', 'b' ]

- Expected
+ Received

- [
-   "a0",
-   "a1",
-   "a2",
-   "b",
- ]
+ []

 ❯ packages/workbench/src/contributions.test.ts:60:72
     58|       owner: "b",
     59|     });
     60|     expect(menuContributions(kernel, "editor").map((item) => item.id))…
       |                                                                        ^
     61|       "a0",
     62|       "a1",

⎯⎯⎯⎯⎯⎯⎯⎯⎯⎯⎯⎯⎯⎯⎯⎯⎯⎯⎯⎯⎯⎯⎯⎯[5/6]⎯

 FAIL  packages/features/collaboration/src/collaboration.test.ts > shared document lifecycle > uploads recovered unsaved text and leaves closed rooms
Error: Save or discard changes before closing: file.ts
 ❯ DocumentService.close packages/documents/src/index.ts:620:13

    618|     if (!document) return;
    619|     if (document.dirty)
    620|       throw new Error(`Save or discard changes before closing: ${path}…
       |             ^
    621|     this.documents.delete(path);
    622|     document.dispose();
 ❯ packages/features/collaboration/src/collaboration.test.ts:12:331

⎯⎯⎯⎯⎯⎯⎯⎯⎯⎯⎯⎯⎯⎯⎯⎯⎯⎯⎯⎯⎯⎯⎯⎯[6/6]⎯

 Test Files  6 failed | 24 passed (30)
      Tests  2 failed | 115 passed (117)
   Start at  21:12:20
   Duration  4.04s (transform 428ms, setup 0ms, collect 1.20s, tests 3.27s, environment 3ms, prepare 1.13s)

 ELIFECYCLE  Test failed. See above for more details.
