
Running 19 tests using 1 worker

  ✓   1 tests/browser/acceptance.spec.ts:44:1 › browser workspace edits, saves, splits and recovers Unicode drafts and view state (778ms)
  ✓   2 tests/browser/acceptance.spec.ts:77:1 › localized settings persist and fit the phone viewport (522ms)
  ✓   3 tests/browser/acceptance.spec.ts:105:1 › runtime filesystem, revision checked save, refresh and failed save recovery (620ms)
  ✓   4 tests/browser/acceptance.spec.ts:169:1 › real language responses, diagnostics, rename edits and supported code action (1.6s)
  ✓   5 tests/browser/acceptance.spec.ts:241:1 › workspace search previews replacements against unsaved versions (590ms)
  ✓   6 tests/browser/acceptance.spec.ts:269:1 › real terminal, resize, task status and cancellation (588ms)
  ✓   7 tests/browser/acceptance.spec.ts:332:1 › stage and commit actual Git changes without repeating a request (522ms)
  ✓   8 tests/browser/acceptance.spec.ts:366:1 › two independent browsers converge concurrent offline edits and keep per-user undo (1.2s)
  ✓   9 tests/browser/acceptance.spec.ts:416:1 › external SDK extension lifecycle removes contributions and survives failed activation (683ms)
  ✓  10 tests/browser/acceptance.spec.ts:488:1 › both themes render at all four reference viewports with visual comparison artifacts (4.5s)
  ✓  11 tests/browser/acceptance.spec.ts:571:1 › Unicode, synthetic composition, multiple cursors and local paint latency (3.8s)
  ✓  12 tests/browser/acceptance.spec.ts:659:1 › sustained editing and repeated switching keep document and extension state (2.0m)
  ✓  13 tests/browser/acceptance.spec.ts:698:1 › runtime process loss preserves browser drafts and reports lost PTYs (2.5s)
  ✓  14 tests/browser/acceptance.spec.ts:772:1 › replacement preview groups files and keeps deselected files available (893ms)
  ✓  15 tests/browser/acceptance.spec.ts:819:1 › formatter workers obey language scope and Markdown preview opens beside its source (1.5s)
  ✓  16 tests/browser/acceptance.spec.ts:869:1 › native browser directory handles retain identity, encoded saves and drafts after refresh (1.4s)
  ✓  17 tests/browser/acceptance.spec.ts:926:1 › browser IME composition commits and cancels without duplicate text (603ms)
  ✓  18 tests/browser/acceptance.spec.ts:963:1 › phone touch navigation and reduced motion preserve focus and layout (772ms)
  ✓  19 tests/browser/acceptance.spec.ts:1003:1 › a contributed filesystem opens through the workspace UI and survives provider teardown (1.0s)

  19 passed (2.4m)
