../../../scripts/copy-example.mjs 21ms
../../../scripts/browser-bundle-audit.mjs 8ms
../../../scripts/start-e2e.mjs 4ms
../../../scripts/prepare-e2e.mjs 6ms
../../../scripts/dependency-report.mjs 7ms
../../../scripts/capture-reference.mjs 5ms
../../../scripts/workspace.mjs 8ms
../../../tests/browser/acceptance.spec.ts 108ms
../../../examples/bundle-inspector/vite.config.ts 2ms
../../host-runtime/src/index.ts 28ms
../../../examples/bundle-inspector/src/index.ts 30ms
../../core/src/index.ts 60ms
../../ui/src/locale.ts 4ms
../../core/src/index.test.ts 23ms
../../ui/src/index.tsx 10ms
../../ui/src/icons.ts 2ms
../../host-browser/src/index.ts 52ms
../../workbench/src/controller.ts 24ms
../../host-browser/src/index.test.ts 4ms
../../workbench/src/index.tsx 69ms
../../../apps/web/vite.config.ts 1ms
../../documents/src/index.ts 26ms
../../documents/src/index.test.ts 11ms
../../protocol/src/index.ts 4ms
../../sdk/src/index.ts 11ms
../../../apps/web/src/main.tsx 29ms
../../../apps/runtime/vite.config.ts 1ms
../../../apps/web/src/configuration.ts 12ms
../extensions/src/index.tsx 16ms
../language/src/index.ts 54ms
../language/src/index.test.ts 10ms
../../../apps/runtime/tests/runtime.test.ts 22ms
../../../apps/runtime/tests/extensions.test.ts 4ms
../settings/src/index.tsx 14ms
../tasks/src/index.ts 13ms
../../../apps/runtime/src/index.ts 2ms
../tasks/src/tasks.test.ts 2ms
../../../apps/runtime/src/runtime.ts 35ms
../../../apps/runtime/src/extensions.ts 4ms
../../../apps/runtime/src/processes.ts 13ms
../../../apps/runtime/src/lsp.ts 19ms
../../../apps/runtime/src/filesystem.ts 13ms
../../../apps/runtime/src/git.ts 8ms
../../../apps/runtime/src/collaboration.ts 12ms
../editor/src/index.tsx 20ms
../explorer/src/index.tsx 18ms
../git/src/index.ts 23ms
../git/src/git.test.ts 2ms
../search/src/index.ts 12ms
../search/src/engine.ts 4ms
../search/src/worker.ts 1ms
../search/src/engine.test.ts 1ms
../themes/src/index.ts 2ms
src/index.ts 5ms
../collaboration/src/index.ts 15ms
../terminal/src/index.ts 20ms
../previews/src/index.ts 5ms
