
> @zapp/web@1.0.0 build /home/ubuntu/.paseo/worktrees/2fg5jw20/jittery-lizard/apps/web
> vite build

vite v7.3.6 building client environment for production...
transforming...
✓ 295 modules transformed.
rendering chunks...
computing gzip size...
dist/index.html                              0.57 kB │ gzip:   0.37 kB
dist/assets/worker-Dy8ec4aB.js               1.17 kB
dist/assets/index-BPaQUIVK.css              36.46 kB │ gzip:   8.30 kB
dist/assets/addon-image-BxricI7a.js         80.46 kB │ gzip:  25.16 kB │ map:   155.35 kB
dist/assets/standalone-Cayz_KD-.js          81.51 kB │ gzip:  27.17 kB │ map:   181.64 kB
dist/assets/postcss-BGfBeQpW.js            156.78 kB │ gzip:  44.93 kB │ map:   382.48 kB
dist/assets/html-DwgzGnwN.js               160.16 kB │ gzip:  50.63 kB │ map:   334.25 kB
dist/assets/addon-ligatures-BOzI2Oy0.js    172.59 kB │ gzip:  51.38 kB │ map:   410.00 kB
dist/assets/estree-DFfjoHvx.js             211.19 kB │ gzip:  61.79 kB │ map:   461.47 kB
dist/assets/addon-webgl-PbQqCq-D.js        251.85 kB │ gzip:  68.70 kB │ map:   393.71 kB
dist/assets/markdown-Bd15IfY5.js           268.49 kB │ gzip:  91.78 kB │ map:   659.12 kB
dist/assets/babel-BktJt1uC.js              318.12 kB │ gzip:  82.88 kB │ map:   623.12 kB
dist/assets/typescript-cMir0TZb.js         462.35 kB │ gzip: 126.47 kB │ map: 1,470.35 kB
dist/assets/index-UrxwPJHB.js            1,734.56 kB │ gzip: 557.38 kB │ map: 5,960.12 kB

(!) Some chunks are larger than 1400 kB after minification. Consider:
- Using dynamic import() to code-split the application
- Use build.rollupOptions.output.manualChunks to improve chunking: https://rollupjs.org/configuration-options/#output-manualchunks
- Adjust chunk size limit for this warning via build.chunkSizeWarningLimit.
✓ built in 5.64s
