2026-09-07T09:06:49.608Z INFO tauri-service:service: [frontend] [WDIO-FRONTEND][INFO] [WDIO][Frontend] Installing backend-log listener
2026-09-07T09:06:49.609Z INFO tauri-service:service: [frontend] [WDIO-FRONTEND][INFO] [WDIO][Frontend] Waiting for Tauri (attempt 1/100)
2026-09-07T09:06:49.609Z INFO tauri-service:service: [frontend] [WDIO-FRONTEND][INFO] [WDIO][Frontend] Tauri ready - setting up backend-log listener
2026-09-07T09:06:49.609Z INFO tauri-service:service: [frontend] [WDIO-FRONTEND][INFO] [WDIO][Frontend] Importing @tauri-apps/api/event
2026-09-07T09:06:49.609Z INFO tauri-service:service: [Tauri:Frontend:0] [WDIO Tauri Plugin] ⚠️ Invoke interception via defineProperty failed; mock routing via window.__wdio_mocks__ remains active
2026-09-07T09:06:49.610Z INFO tauri-service:service: [Tauri:Frontend:0] [WDIO Tauri Plugin] TEST: This is a test INFO log after setupConsoleForwarding()
2026-09-07T09:06:49.610Z INFO tauri-service:service: [Tauri:Frontend:0] [WDIO Tauri Plugin] TEST: This is a test WARN log after setupConsoleForwarding()
2026-09-07T09:06:49.610Z INFO tauri-service:service: [frontend] [WDIO-FRONTEND][INFO] [WDIO][Frontend] Event module imported successfully
2026-09-07T09:06:49.616Z INFO tauri-service:service: [frontend] [WDIO-FRONTEND][INFO] [WDIO][Frontend] Backend log listener registered successfully
2026-09-07T09:06:52.669Z INFO tauri-service:service: [Tauri:Frontend:0] IPC custom protocol failed, Tauri will now use the postMessage interface instead {}
2026-09-07T09:06:52.680Z INFO tauri-service:service: [Tauri:Frontend:0] IPC custom protocol failed, Tauri will now use the postMessage interface instead {}
2026-09-07T09:06:52.765Z INFO tauri-service:service: [frontend] [WDIO-FRONTEND][INFO] [WDIO][Frontend] Installing backend-log listener
2026-09-07T09:06:52.766Z INFO tauri-service:service: [frontend] [WDIO-FRONTEND][INFO] [WDIO][Frontend] Waiting for Tauri (attempt 1/100)
2026-09-07T09:06:52.766Z INFO tauri-service:service: [frontend] [WDIO-FRONTEND][INFO] [WDIO][Frontend] Tauri ready - setting up backend-log listener
2026-09-07T09:06:52.766Z INFO tauri-service:service: [frontend] [WDIO-FRONTEND][INFO] [WDIO][Frontend] Importing @tauri-apps/api/event
2026-09-07T09:06:52.766Z INFO tauri-service:service: [Tauri:Frontend:0] [WDIO Tauri Plugin] ⚠️ Invoke interception via defineProperty failed; mock routing via window.__wdio_mocks__ remains active
2026-09-07T09:06:52.768Z INFO tauri-service:service: [Tauri:Frontend:0] [WDIO Tauri Plugin] TEST: This is a test WARN log after setupConsoleForwarding()
2026-09-07T09:06:52.768Z INFO tauri-service:service: [Tauri:Frontend:0] [WDIO Tauri Plugin] TEST: This is a test INFO log after setupConsoleForwarding()
2026-09-07T09:06:52.768Z INFO tauri-service:service: [frontend] [WDIO-FRONTEND][INFO] [WDIO][Frontend] Event module imported successfully
2026-09-07T09:06:52.774Z INFO tauri-service:service: [frontend] [WDIO-FRONTEND][INFO] [WDIO][Frontend] Backend log listener registered successfully
