2026-09-07T09:00:48.344Z INFO tauri-service:service: [frontend] [WDIO-FRONTEND][INFO] [WDIO][Frontend] Installing backend-log listener
2026-09-07T09:00:48.345Z INFO tauri-service:service: [frontend] [WDIO-FRONTEND][INFO] [WDIO][Frontend] Waiting for Tauri (attempt 1/100)
2026-09-07T09:00:48.345Z INFO tauri-service:service: [frontend] [WDIO-FRONTEND][INFO] [WDIO][Frontend] Tauri ready - setting up backend-log listener
2026-09-07T09:00:48.345Z INFO tauri-service:service: [frontend] [WDIO-FRONTEND][INFO] [WDIO][Frontend] Importing @tauri-apps/api/event
2026-09-07T09:00:48.345Z INFO tauri-service:service: [Tauri:Frontend:0] [WDIO Tauri Plugin] ⚠️ Invoke interception via defineProperty failed; mock routing via window.__wdio_mocks__ remains active
2026-09-07T09:00:48.346Z INFO tauri-service:service: [frontend] [WDIO-FRONTEND][INFO] [WDIO][Frontend] Event module imported successfully
2026-09-07T09:00:48.346Z INFO tauri-service:service: [Tauri:Frontend:0] [WDIO Tauri Plugin] TEST: This is a test WARN log after setupConsoleForwarding()
2026-09-07T09:00:48.346Z INFO tauri-service:service: [Tauri:Frontend:0] [WDIO Tauri Plugin] TEST: This is a test INFO log after setupConsoleForwarding()
2026-09-07T09:00:48.351Z INFO tauri-service:service: [frontend] [WDIO-FRONTEND][INFO] [WDIO][Frontend] Backend log listener registered successfully
2026-09-07T09:00:50.509Z INFO tauri-service:service: [Tauri:Frontend:0] {}
2026-09-07T09:00:50.509Z INFO tauri-service:service: [Tauri:Frontend:0] {}
2026-09-07T09:00:50.519Z INFO tauri-service:service: [Tauri:Frontend:0] {}
2026-09-07T09:00:50.519Z INFO tauri-service:service: [Tauri:Frontend:0] {}
2026-09-07T09:00:50.519Z INFO tauri-service:service: [Tauri:Frontend:0] {}
2026-09-07T09:00:50.520Z INFO tauri-service:service: [Tauri:Frontend:0] {}
2026-09-07T09:00:50.520Z INFO tauri-service:service: [Tauri:Frontend:0] {}
2026-09-07T09:00:50.520Z INFO tauri-service:service: [Tauri:Frontend:0] {}
2026-09-07T09:00:50.520Z INFO tauri-service:service: [Tauri:Frontend:0] {}
2026-09-07T09:00:50.520Z INFO tauri-service:service: [Tauri:Frontend:0] {}
2026-09-07T09:00:50.528Z INFO tauri-service:service: [Tauri:Frontend:0] {}
2026-09-07T09:00:50.529Z INFO tauri-service:service: [Tauri:Frontend:0] {}
