2026-09-07T09:05:03.104Z INFO tauri-service:service: [frontend] [WDIO-FRONTEND][INFO] [WDIO][Frontend] Installing backend-log listener
2026-09-07T09:05:03.104Z INFO tauri-service:service: [frontend] [WDIO-FRONTEND][INFO] [WDIO][Frontend] Waiting for Tauri (attempt 1/100)
2026-09-07T09:05:03.104Z INFO tauri-service:service: [frontend] [WDIO-FRONTEND][INFO] [WDIO][Frontend] Tauri ready - setting up backend-log listener
2026-09-07T09:05:03.104Z INFO tauri-service:service: [frontend] [WDIO-FRONTEND][INFO] [WDIO][Frontend] Importing @tauri-apps/api/event
2026-09-07T09:05:03.104Z INFO tauri-service:service: [Tauri:Frontend:0] [WDIO Tauri Plugin] ⚠️ Invoke interception via defineProperty failed; mock routing via window.__wdio_mocks__ remains active
2026-09-07T09:05:03.106Z INFO tauri-service:service: [Tauri:Frontend:0] [WDIO Tauri Plugin] TEST: This is a test INFO log after setupConsoleForwarding()
2026-09-07T09:05:03.106Z INFO tauri-service:service: [Tauri:Frontend:0] [WDIO Tauri Plugin] TEST: This is a test WARN log after setupConsoleForwarding()
2026-09-07T09:05:03.106Z INFO tauri-service:service: [frontend] [WDIO-FRONTEND][INFO] [WDIO][Frontend] Event module imported successfully
2026-09-07T09:05:03.112Z INFO tauri-service:service: [frontend] [WDIO-FRONTEND][INFO] [WDIO][Frontend] Backend log listener registered successfully
2026-09-07T09:05:04.965Z INFO tauri-service:service: [Tauri:Frontend:0] {}
2026-09-07T09:05:04.965Z INFO tauri-service:service: [Tauri:Frontend:0] {}
2026-09-07T09:05:04.967Z INFO tauri-service:service: [Tauri:Frontend:0] {}
2026-09-07T09:05:04.967Z INFO tauri-service:service: [Tauri:Frontend:0] {}
2026-09-07T09:05:04.970Z INFO tauri-service:service: [Tauri:Frontend:0] {}
2026-09-07T09:05:04.971Z INFO tauri-service:service: [Tauri:Frontend:0] {}
2026-09-07T09:05:04.972Z INFO tauri-service:service: [Tauri:Frontend:0] {}
2026-09-07T09:05:04.974Z INFO tauri-service:service: [Tauri:Frontend:0] {}
2026-09-07T09:05:04.974Z INFO tauri-service:service: [Tauri:Frontend:0] {}
2026-09-07T09:05:04.975Z INFO tauri-service:service: [Tauri:Frontend:0] {}
2026-09-07T09:05:04.976Z INFO tauri-service:service: [Tauri:Frontend:0] {}
2026-09-07T09:05:04.978Z INFO tauri-service:service: [Tauri:Frontend:0] {}
