2026-09-07T09:03:48.933Z INFO tauri-service:service: [frontend] [WDIO-FRONTEND][INFO] [WDIO][Frontend] Installing backend-log listener
2026-09-07T09:03:48.937Z INFO tauri-service:service: [frontend] [WDIO-FRONTEND][INFO] [WDIO][Frontend] Importing @tauri-apps/api/event
2026-09-07T09:03:48.946Z INFO tauri-service:service: [Tauri:Frontend:0] [WDIO Tauri Plugin] TEST: This is a test INFO log after setupConsoleForwarding()
2026-09-07T09:03:48.949Z INFO tauri-service:service: [frontend] [WDIO-FRONTEND][INFO] [WDIO][Frontend] Waiting for Tauri (attempt 1/100)
2026-09-07T09:03:48.950Z INFO tauri-service:service: [Tauri:Frontend:0] [WDIO Tauri Plugin] ⚠️ Invoke interception via defineProperty failed; mock routing via window.__wdio_mocks__ remains active
2026-09-07T09:03:48.950Z INFO tauri-service:service: [frontend] [WDIO-FRONTEND][INFO] [WDIO][Frontend] Tauri ready - setting up backend-log listener
2026-09-07T09:03:48.950Z INFO tauri-service:service: [Tauri:Frontend:0] [WDIO Tauri Plugin] TEST: This is a test WARN log after setupConsoleForwarding()
2026-09-07T09:03:48.951Z INFO tauri-service:service: [frontend] [WDIO-FRONTEND][INFO] [WDIO][Frontend] Event module imported successfully
2026-09-07T09:03:48.953Z INFO tauri-service:service: [frontend] [WDIO-FRONTEND][INFO] [WDIO][Frontend] Backend log listener registered successfully
2026-09-07T09:03:50.841Z INFO tauri-service:service: [Tauri:Frontend:0] {}
2026-09-07T09:03:50.841Z INFO tauri-service:service: [Tauri:Frontend:0] {}
2026-09-07T09:03:50.848Z INFO tauri-service:service: [Tauri:Frontend:0] {}
2026-09-07T09:03:50.849Z INFO tauri-service:service: [Tauri:Frontend:0] {}
2026-09-07T09:03:50.849Z INFO tauri-service:service: [Tauri:Frontend:0] {}
2026-09-07T09:03:50.849Z INFO tauri-service:service: [Tauri:Frontend:0] {}
2026-09-07T09:03:50.850Z INFO tauri-service:service: [Tauri:Frontend:0] {}
2026-09-07T09:03:50.850Z INFO tauri-service:service: [Tauri:Frontend:0] {}
2026-09-07T09:03:50.852Z INFO tauri-service:service: [Tauri:Frontend:0] {}
2026-09-07T09:03:50.853Z INFO tauri-service:service: [Tauri:Frontend:0] {}
2026-09-07T09:03:50.853Z INFO tauri-service:service: [Tauri:Frontend:0] {}
2026-09-07T09:03:50.854Z INFO tauri-service:service: [Tauri:Frontend:0] {}
