2026-09-07T09:13:27.821Z INFO tauri-service:service: [frontend] [WDIO-FRONTEND][INFO] [WDIO][Frontend] Installing backend-log listener
2026-09-07T09:13:27.821Z INFO tauri-service:service: [frontend] [WDIO-FRONTEND][INFO] [WDIO][Frontend] Waiting for Tauri (attempt 1/100)
2026-09-07T09:13:27.821Z INFO tauri-service:service: [frontend] [WDIO-FRONTEND][INFO] [WDIO][Frontend] Tauri ready - setting up backend-log listener
2026-09-07T09:13:27.821Z INFO tauri-service:service: [frontend] [WDIO-FRONTEND][INFO] [WDIO][Frontend] Importing @tauri-apps/api/event
2026-09-07T09:13:27.821Z INFO tauri-service:service: [Tauri:Frontend:0] [WDIO Tauri Plugin] ⚠️ Invoke interception via defineProperty failed; mock routing via window.__wdio_mocks__ remains active
2026-09-07T09:13:27.822Z INFO tauri-service:service: [Tauri:Frontend:0] [WDIO Tauri Plugin] TEST: This is a test INFO log after setupConsoleForwarding()
2026-09-07T09:13:27.822Z INFO tauri-service:service: [Tauri:Frontend:0] [WDIO Tauri Plugin] TEST: This is a test WARN log after setupConsoleForwarding()
2026-09-07T09:13:27.823Z INFO tauri-service:service: [frontend] [WDIO-FRONTEND][INFO] [WDIO][Frontend] Event module imported successfully
2026-09-07T09:13:27.828Z INFO tauri-service:service: [frontend] [WDIO-FRONTEND][INFO] [WDIO][Frontend] Backend log listener registered successfully
2026-09-07T09:13:30.913Z INFO tauri-service:service: [Tauri:Frontend:0] IPC custom protocol failed, Tauri will now use the postMessage interface instead {}
2026-09-07T09:13:30.925Z INFO tauri-service:service: [Tauri:Frontend:0] IPC custom protocol failed, Tauri will now use the postMessage interface instead {}
2026-09-07T09:13:31.010Z INFO tauri-service:service: [frontend] [WDIO-FRONTEND][INFO] [WDIO][Frontend] Installing backend-log listener
2026-09-07T09:13:31.010Z INFO tauri-service:service: [frontend] [WDIO-FRONTEND][INFO] [WDIO][Frontend] Waiting for Tauri (attempt 1/100)
2026-09-07T09:13:31.010Z INFO tauri-service:service: [frontend] [WDIO-FRONTEND][INFO] [WDIO][Frontend] Tauri ready - setting up backend-log listener
2026-09-07T09:13:31.010Z INFO tauri-service:service: [frontend] [WDIO-FRONTEND][INFO] [WDIO][Frontend] Importing @tauri-apps/api/event
2026-09-07T09:13:31.011Z INFO tauri-service:service: [Tauri:Frontend:0] [WDIO Tauri Plugin] ⚠️ Invoke interception via defineProperty failed; mock routing via window.__wdio_mocks__ remains active
2026-09-07T09:13:31.012Z INFO tauri-service:service: [Tauri:Frontend:0] [WDIO Tauri Plugin] TEST: This is a test INFO log after setupConsoleForwarding()
2026-09-07T09:13:31.012Z INFO tauri-service:service: [Tauri:Frontend:0] [WDIO Tauri Plugin] TEST: This is a test WARN log after setupConsoleForwarding()
2026-09-07T09:13:31.013Z INFO tauri-service:service: [frontend] [WDIO-FRONTEND][INFO] [WDIO][Frontend] Event module imported successfully
2026-09-07T09:13:31.018Z INFO tauri-service:service: [frontend] [WDIO-FRONTEND][INFO] [WDIO][Frontend] Backend log listener registered successfully
